   1               	# 1 "kernel.S"
   1               	
   0               	
   0               	
   2               	
   3               	 ; File          : kernel.S
   4               	 ; Author        : MD. Faridul Islam (faridmdislam@gmail.com)
   5               	 ; Description   : AVR kernel for bare-metal RTOS
   6               	 ; Created       : Jul 27, 2025, 09:30 PM
   7               	 ; Last Modified : Apr 22, 2026, 10:49 PM
   8               	
   9               	
  10               	
  11               	
  12               	#include "kernel.h"
   1               	
  13               	
  14               	
  15               	
  16               	
  17               	;;============================define user address or macro starting=========================;; 
  18               	.equ     KER_STK_SZ,      128                             ;stack size in bytes for each task   
  19               	.equ     KER_MX_NTSK,     KER_MAX_TASK+1                  ;max number of tasks                 
  20               	;;==============================define user address or macro end============================;; 
  21               	
  22               	
  23               	
  24               	
  25               	
  26               	;;===========================define hardware reg address starting===========================;; 
  27               	;SRAM Mapped Addresses, LDS/STS can be used                                                    
  28               	.equ     SRASSR  ,        0xB6                            ;manually defined ASSR in SRAM       
  29               	.equ     SROCR2B ,        0xB4                            ;manually defined OCR2B in SRAM      
  30               	.equ     SROCR2A ,        0xB3                            ;manually defined OCR2A in SRAM      
  31               	.equ     SRTCNT2 ,        0xB2                            ;manually defined TNCT2 in SRAM      
  32               	.equ     SRTCCR2B,        0xB1                            ;manually defined TCCR2B in SRAM     
  33               	.equ     SRTCCR2A,        0xB0                            ;manually defined TCCR2A in SRAM     
  34               	.equ     SRADCSRA,        0x7A                            ;manually defined ADCSRA in SRAM     
  35               	.equ     SRTIMSK2,        0x70                            ;manually defined TIMSK2 in SRAM     
  36               	.equ     SRCLKPR ,        0x61                            ;manually defined CLKPR in SRAM      
  37               	.equ     SRSREG  ,        0x5F                            ;manually defined SREG in SRAM       
  38               	.equ     SRSPH   ,        0x5E                            ;manually defined SPH in SRAM        
  39               	.equ     SRSPL   ,        0x5D                            ;manually defined SPL in SRAM        
  40               	.equ     SRMCUCR ,        0x55                            ;manually defined MCUCR in SRAM      
  41               	.equ     SRMCUSR ,        0x54                            ;manually defined MCUSR in SRAM      
  42               	.equ     SRSMCR  ,        0x53                            ;manually defined SMCR in SRAM       
  43               	.equ     SRACSR  ,        0x50                            ;manually defined ACSR in SRAM       
  44               	.equ     SRTIFR2 ,        0x37                            ;manually defined TIFR2 in SRAM      
  45               	;IO Mapped Addresses, IN/OUT commands can be used                                              
  46               	.equ     IOSREG  ,        0x3F                            ;manually defined SREG in IO         
  47               	.equ     IOSPH   ,        0x3E                            ;manually defined SPH in IO          
  48               	.equ     IOSPL   ,        0x3D                            ;manually defined SPL in IO          
  49               	.equ     IOMCUCR ,        0x35                            ;manually defined MCUCR in IO        
  50               	.equ     IOMCUSR ,        0x34                            ;manually defined MCUSR in IO        
  51               	.equ     IOSMCR  ,        0x33                            ;manually defined SMCR in IO         
  52               	.equ     IOTIFR2 ,        0x17                            ;manually defined TIFR2 in IO        
  53               	;;==============================define hardware reg address end=============================;; 
  54               	
  55               	
  56               	
  57               	
  58               	
  59               	;;=============================define global variables starting=============================;; 
  60               	.section   .bss                                                                                
  61               	                                                                                               
  62               	.global    KerMSPZP                                       ;declare space for storing MSP, ZP   
  63 0000 0000 0000 	KerMSPZP:  .skip 4                                        ;2 bytes for MSP, 2 bytes for ZP     
  64               	.global    KerTID                                         ;declare space for task id           
  65 0004 00        	KerTID:    .skip 1                                        ;single byte, max 0xff tasks         
  66               	.global    KerHPTID                                       ;declare space for hi prio task id   
  67 0005 00        	KerHPTID:  .skip 1                                        ;single byte, max 0xff tasks         
  68               	.global    KerNTSK                                        ;declare space for number of tasks   
  69 0006 00        	KerNTSK:   .skip 1                                        ;single byte, max 0xff tasks         
  70               	.global    KerLST                                         ;declare space for lowest sleep time 
  71 0007 00        	KerLST:    .skip 1                                        ;single byte, max 0xff unit sleep    
  72               	.global    KerSCHM                                        ;declare space for scheduler mode    
  73 0008 00        	KerSCHM:   .skip 1                                        ;single byte, mode 0 isr, 1 thread   
  74               	.global    KerINTST                                       ;declare space for interrupt state   
  75 0009 00        	KerINTST:  .skip 1                                        ;single byte for storing curr state  
  76               	.global    KerSleep                                       ;declare space for task sleep time   
  77 000a 0000 0000 	KerSleep:  .skip KER_MX_NTSK*1                            ;single byte for each task           
  77      0000 
  78               	.global    KerPrio                                        ;declare space for task priority     
  79 0010 0000 0000 	KerPrio:   .skip KER_MX_NTSK*1                            ;single byte for each task           
  79      0000 
  80               	.global    KerTSP                                         ;declare space for stack pointer     
  81 0016 0000 0000 	KerTSP:    .skip KER_MX_NTSK*2                            ;2 bytes for each task               
  81      0000 0000 
  81      0000 0000 
  82               	.global    KerStack                                       ;declare global space for stack      
  83 0022 0000 0000 	KerStack:  .skip KER_STK_SZ*KER_MX_NTSK                   ;KER_STK_SZ bytes for each task      
  83      0000 0000 
  83      0000 0000 
  83      0000 0000 
  83      0000 0000 
  83      0000 0000 
  83      0000 0000 
  83      0000 0000 
  83      0000 0000 
  83      0000 0000 
  83      0000 0000 
  83      0000 0000 
  83      0000 0000 
  83      0000 0000 
  83      0000 0000 
  83      0000 0000 
  83      0000 0000 
  83      0000 0000 
  83      0000 0000 
  83      0000 0000 
  83      0000 0000 
  83      0000 0000 
  83      0000 0000 
  83      0000 0000 
  83      0000 0000 
  83      0000 0000 
  83      0000 0000 
  83      0000 0000 
  83      0000 0000 
  83      0000 0000 
  83      0000 0000 
  83      0000 0000 
  83      0000 0000 
  83      0000 0000 
  83      0000 0000 
  83      0000 0000 
  83      0000 0000 
  83      0000 0000 
  83      0000 0000 
  83      0000 0000 
  83      0000 0000 
  83      0000 0000 
  83      0000 0000 
  83      0000 0000 
  83      0000 0000 
  83      0000 0000 
  83      0000 0000 
  83      0000 0000 
  83      0000 0000 
  83      0000 0000 
  83      0000 0000 
  83      0000 0000 
  83      0000 0000 
  83      0000 0000 
  83      0000 0000 
  83      0000 0000 
  83      0000 0000 
  83      0000 0000 
  83      0000 0000 
  83      0000 0000 
  83      0000 0000 
  83      0000 0000 
  83      0000 0000 
  83      0000 0000 
  83      0000 0000 
  83      0000 0000 
  83      0000 0000 
  83      0000 0000 
  83      0000 0000 
  83      0000 0000 
  83      0000 0000 
  83      0000 0000 
  83      0000 0000 
  83      0000 0000 
  83      0000 0000 
  83      0000 0000 
  83      0000 0000 
  83      0000 0000 
  83      0000 0000 
  83      0000 0000 
  83      0000 0000 
  83      0000 0000 
  83      0000 0000 
  83      0000 0000 
  83      0000 0000 
  83      0000 0000 
  83      0000 0000 
  83      0000 0000 
  83      0000 0000 
  83      0000 0000 
  83      0000 0000 
  83      0000 0000 
  83      0000 0000 
  83      0000 0000 
  83      0000 0000 
  83      0000 0000 
  83      0000 0000 
  83      0000 0000 
  83      0000 0000 
  83      0000 0000 
  83      0000 0000 
  84               	                                                                                               
  85               	;;==============================define global variables end=================================;; 
  86               	
  87               	
  88               	
  89               	
  90               	
  91               	;;===============================define text section starting===============================;; 
  92               	.section .text                                                                                 
  93               	;;==================================define text section end=================================;; 
  94               	
  95               	
  96               	
  97               	
  98               	
  99               	;;==============================define global functions starting============================;; 
 100               	.global  Kernel_Timer_Init                                                                     
 101               	.global  Kernel_Init                                                                           
 102               	.global  Kernel_Task_Sleep
 103               	.global  Kernel_Task_Create
 104               	.global  Kernel_Start_Tasks
 105               	;;================================define global functions end===============================;; 
 106               	
 107               	                                                                  
 108               	
 109               	
 110               	
 111               	
 112               	.macro  KER_DEBUG_PIN_INIT                                ;total 0.5uS @8MHz      (  4 clocks) 
 113               	        #ifdef KER_DBG_ENABLE                                                                  
 114               			CBI   KER_DBG_PORT       , KER_DBG_PIN            ;clear port bit         (  2 clocks) 
 115               			SBI   KER_DBG_DDR        , KER_DBG_PIN            ;set bit in DDR         (  2 clocks) 
 116               			#endif                                                                                 
 117               	.endm                                                                                          
 118               	
 119               	
 120               	
 121               	
 122               	
 123               	
 124               	.macro  KER_DEBUG_PIN_SET                                 ;total 0.25uS @8MHz     (  2 clocks) 
 125               	        #ifdef KER_DBG_ENABLE                                                                  
 126               	        SBI   KER_DBG_PORT       , KER_DBG_PIN            ;set gpio               (  2 clocks) 
 127               			#endif                                                                                 
 128               	.endm                                                                                          
 129               	
 130               	
 131               	
 132               	
 133               	
 134               	
 135               	.macro  KER_DEBUG_PIN_CLEAR                               ;total 0.25uS @8MHz     (  2 clocks) 
 136               	        #ifdef KER_DBG_ENABLE                                                                  
 137               			CBI   KER_DBG_PORT       , KER_DBG_PIN            ;clear gpio             (  2 clocks) 
 138               			#endif                                                                                 
 139               	.endm                                                                                          
 140               	
 141               	
 142               	
 143               	
 144               	
 145               	
 146               	.macro  KER_INTERRUPT_STATE_SAVE                          ;total 0.375uS @8MHz    (  3 clocks) 
 147               	        IN    R18                , IOSREG                 ;load val               (  1 clock ) 
 148               			STS   KerINTST           , R18                    ;store val              (  2 clocks) 
 149               	.endm                                                                                          
 150               	
 151               	
 152               	
 153               	
 154               	
 155               	
 156               	.macro  KER_INTERRUPT_STATE_RESTORE                       ;total 0.625uS @8MHz    (  5 clocks) 
 157               	        LDS   R18                , KerINTST               ;load interrupt state   (  2 clocks) 
 158               			SBRC  R18                , 0x07                   ;check bit7 (I bit)     (  2 clocks) 
 159               			SEI                                               ;enable interrupt       (  1 clock ) 
 160               	.endm                                                                                          
 161               	
 162               	
 163               	
 164               	
 165               	
 166               	
 167               	.macro  KER_TIMER_INIT                                    ;~9.13uS @8MHz          (~73 clocks) 
 168               			KER_INTERRUPT_STATE_SAVE                          ;save interrupt state   (  3 clocks) 
 169               	        CLI                                               ;disable interrupts     (  1 clock ) 
 170               			LDI   R18                , 0x00                   ;clear interrupt enbits (  1 clock ) 
 171               			STS   SRTIMSK2           , R18                    ;set val to TIMSK2      (  2 clocks) 
 172               			STS   SRTCCR2A           , R18                    ;set val to TCCR2A      (  2 clocks) 
 173               			STS   SRTCCR2B           , R18                    ;set val to TCCR2B      (  2 clocks) 
 174               			STS   SRASSR             , R18                    ;set val to ASSR        (  2 clocks) 
 175               			STS   SRTCNT2            , R18                    ;clear TCNT2            (  2 clocks) 
 176               			LDI   R18                , 0x20                   ;set AS2 bit            (  1 clock ) 
 177               			STS   SRASSR             , R18                    ;set val to ASSR        (  2 clocks) 
 178               			LDI   R18                , 0x03                   ;prescaler 32           (  1 clock ) 
 179               			STS   SRTCCR2B           , R18                    ;set prescaler          (  2 clocks) 
 180               		_KER_TCR2AUB\@:                                                                            
 181               		    LDS   R18                , SRASSR                 ;load ASSR              (  2 clocks) 
 182               	        ANDI  R18                , 0x02                   ;check bit TCR2AUB      (  1 clock ) 
 183               			BRNE  _KER_TCR2AUB\@                              ;wait until AUB cleared (  2 clocks) 
 184               		_KER_TCR2BUB\@:                                                                            
 185               		    LDS   R18                , SRASSR                 ;load ASSR              (  2 clocks) 
 186               	        ANDI  R18                , 0x01                   ;check bit TCR2BUB      (  1 clock ) 
 187               			BRNE  _KER_TCR2BUB\@                              ;wait until BUB cleared (  2 clocks) 
 188               		_KER_TCN2UB\@:                                                                             
 189               		    LDS   R18                , SRASSR                 ;load ASSR              (  2 clocks) 
 190               	        ANDI  R18                , 0x10                   ;check bit TCNT2UB      (  1 clock ) 
 191               			BRNE  _KER_TCN2UB\@                               ;wait until UB cleared  (  2 clocks) 
 192               			LDI   R18                , 0x01                   ;set bit                (  1 clock ) 
 193               			STS   SRTIFR2            , R18                    ;set val                (  2 clocks) 
 194               			LDI   R18                , 0x02                   ;set bit                (  1 clock ) 
 195               			STS   SRTIFR2            , R18                    ;set val                (  2 clocks) 
 196               			LDI   R18                , 0x04                   ;set bit                (  1 clock ) 
 197               			STS   SRTIFR2            , R18                    ;set val                (  2 clocks) 
 198               			KER_INTERRUPT_STATE_RESTORE                       ;restore interrupt      (  5 clocks) 
 199               	.endm                                                                                          
 200               	
 201               	
 202               	
 203               	
 204               	
 205               	
 206               	.macro  KER_TIMER_RELOAD                                  ;0.75uS @8MHz           (  6 clocks) 
 207               	        LDS   R18                , KerLST                 ;fetch lowst sleep time (  2 clocks) 
 208               			CPI   R18                , 0x15                   ;compare with 21        (  1 clock ) 
 209               			BRCS  _KER_TIMER_LOAD_TCNT2\@                     ;jmp to label           (  2 clocks) 
 210               			CPI   R18                , 0x3F                   ;compare with 63        (  1 clock ) 
 211               			BRCC  _KER_TIMER_RLD_CMP105\@                     ;jmp to label           (  2 clocks) 
 212               			SUBI  R18                , 0xFF                   ;add 1                  (  1 clock ) 
 213               			RJMP  _KER_TIMER_LOAD_TCNT2\@                     ;jmp to label           (  2 clocks) 
 214               		_KER_TIMER_RLD_CMP105\@:
 215               			CPI   R18                , 0x69                   ;compare with 105       (  1 clock ) 
 216               			BRCC  _KER_TIMER_RLD_CMP146\@                     ;jmp to label           (  2 clocks) 
 217               			SUBI  R18                , 0xFE                   ;add 2                  (  1 clock ) 
 218               			RJMP  _KER_TIMER_LOAD_TCNT2\@                     ;jmp to label           (  2 clocks) 
 219               		_KER_TIMER_RLD_CMP146\@:
 220               			CPI   R18                , 0x92                   ;compare with 146       (  1 clock ) 
 221               			BRCC  _KER_TIMER_RLD_CMP188\@                     ;jmp to label           (  2 clocks) 
 222               			SUBI  R18                , 0xFD                   ;add 3                  (  1 clock ) 
 223               			RJMP  _KER_TIMER_LOAD_TCNT2\@                     ;jmp to label           (  2 clocks) 
 224               		_KER_TIMER_RLD_CMP188\@:
 225               			CPI   R18                , 0xBC                   ;compare with 188       (  1 clock ) 
 226               			BRCC  _KER_TIMER_RLD_CMP230\@                     ;jmp to label           (  2 clocks) 
 227               			SUBI  R18                , 0xFC                   ;add 4                  (  1 clock ) 
 228               			RJMP  _KER_TIMER_LOAD_TCNT2\@                     ;jmp to label           (  2 clocks) 
 229               		_KER_TIMER_RLD_CMP230\@:
 230               			CPI   R18                , 0xE6                   ;compare with 230       (  1 clock ) 
 231               			BRCC  _KER_TIMER_RLD_ELSE\@                       ;jmp to label           (  2 clocks) 
 232               			SUBI  R18                , 0xFB                   ;add 5                  (  1 clock ) 
 233               			RJMP  _KER_TIMER_LOAD_TCNT2\@                     ;jmp to label           (  2 clocks) 
 234               		_KER_TIMER_RLD_ELSE\@:
 235               			SUBI  R18                , 0xFA                   ;add 6                  (  1 clock ) 
 236               			RJMP  _KER_TIMER_LOAD_TCNT2\@                     ;jmp to label           (  2 clocks) 
 237               		_KER_TIMER_LOAD_TCNT2\@:
 238               			NEG   R18                                         ;256-val                (  1 clock ) 
 239               			STS   SRTCNT2            , R18                    ;set val                (  2 clocks) 
 240               		_KER_TIMER_LOAD_BSY\@:
 241               	        LDS   R18                , SRASSR                 ;load ASSR              (  2 clocks) 
 242               			SBRC  R18                , 0x04                   ;check bit4 TCN2UB      (  2 clocks) 
 243               			RJMP  _KER_TIMER_LOAD_BSY\@                       ;jmp to label           (  2 clocks) 
 244               			LDI   R18                , 0x01                   ;load val               (  1 clock ) 
 245               			STS   SRTIFR2            , R18                    ;store val              (  2 clocks) 
 246               			STS   SRTIMSK2           , R18                    ;store val              (  2 clocks) 
 247               	.endm                                                                                          
 248               	
 249               	
 250               	
 251               	
 252               	
 253               	
 254               	.macro  KER_CONTEXT_SAVE                                  ;total 7.88uS @8MHz     ( 83 clocks) 
 255               	        PUSH  R0                                          ;push R0                (  2 clocks) 
 256               			IN    R0                 , IOSREG                 ;save SREG              (  1 clock ) 
 257               			CLI                                               ;clear interrupt        (  1 clock ) 
 258               			PUSH  R0                                          ;save SREG              (  2 clocks) 
 259               			PUSH  R1                                          ;save R1                (  2 clocks) 
 260               			CLR   R1                                          ;clear R1               (  1 clock ) 
 261               			PUSH  R2                                          ;save R2                (  2 clocks) 
 262               			PUSH  R3                                          ;save R3                (  2 clocks) 
 263               			PUSH  R4                                          ;save R4                (  2 clocks) 
 264               			PUSH  R5                                          ;save R5                (  2 clocks) 
 265               			PUSH  R6                                          ;save R6                (  2 clocks) 
 266               			PUSH  R7                                          ;save R7                (  2 clocks) 
 267               			PUSH  R8                                          ;save R8                (  2 clocks) 
 268               			PUSH  R9                                          ;save R9                (  2 clocks) 
 269               			PUSH  R10                                         ;save R10               (  2 clocks) 
 270               			PUSH  R11                                         ;save R11               (  2 clocks) 
 271               			PUSH  R12                                         ;save R12               (  2 clocks) 
 272               			PUSH  R13                                         ;save R13               (  2 clocks) 
 273               			PUSH  R14                                         ;save R14               (  2 clocks) 
 274               			PUSH  R15                                         ;save R15               (  2 clocks) 
 275               			PUSH  R16                                         ;save R16               (  2 clocks) 
 276               			PUSH  R17                                         ;save R17               (  2 clocks) 
 277               			PUSH  R18                                         ;save R18               (  2 clocks) 
 278               			PUSH  R19                                         ;save R19               (  2 clocks) 
 279               			PUSH  R20                                         ;save R20               (  2 clocks) 
 280               			PUSH  R21                                         ;save R21               (  2 clocks) 
 281               			PUSH  R22                                         ;save R22               (  2 clocks) 
 282               			PUSH  R23                                         ;save R23               (  2 clocks) 
 283               			PUSH  R24                                         ;save R24               (  2 clocks) 
 284               			PUSH  R25                                         ;save R25               (  2 clocks) 
 285               			PUSH  R26                                         ;save R26               (  2 clocks) 
 286               			PUSH  R27                                         ;save R27               (  2 clocks) 
 287               			PUSH  R28                                         ;save R28               (  2 clocks) 
 288               			PUSH  R29                                         ;save R29               (  2 clocks) 
 289               			PUSH  R30                                         ;save R30               (  2 clocks) 
 290               			PUSH  R31                                         ;save R31               (  2 clocks) 
 291               			LDI   R30                , lo8(KerTSP)            ;fetch base pos low     (  1 clock ) 
 292               			LDI   R31                , hi8(KerTSP)            ;fetch base pos high    (  1 clock ) 
 293               			LDS   R18                , KerTID                 ;fetch task id          (  2 clocks) 
 294               			LSL   R18                                         ;left shift to multiply (  1 clock ) 
 295               			ADD   R30                , R18                    ;add offset to array    (  1 clock ) 
 296               			LDI   R18                , 0x00                   ;clear for carry prop   (  1 clock ) 
 297               			ADC   R31                , R18                    ;add carry if any       (  1 clock ) 
 298               			IN    R18                , IOSPL                  ;fetch SPL0             (  1 clock ) 
 299               			IN    R19                , IOSPH                  ;fetch SPH0             (  1 clock ) 
 300               			STD   Z+0                , R18                    ;store SPL at ZP+0      (  2 clocks) 
 301               			STD   Z+1                , R19                    ;store SPH at ZP+1      (  2 clocks) 
 302               	.endm                                                                                          
 303               	
 304               	
 305               	
 306               	
 307               	
 308               	
 309               	.macro  KER_CONTEXT_RESTORE                               ;total 8.38uS @8MHz     ( 81 clocks) 
 310               	        LDI   R30                , lo8(KerTSP)            ;fetch base pos low     (  1 clock ) 
 311               			LDI   R31                , hi8(KerTSP)            ;fetch base pos high    (  1 clock ) 
 312               			LDS   R18                , KerTID                 ;fetch task_id          (  2 clocks) 
 313               			LSL   R18                                         ;left shift to multiply (  1 clock ) 
 314               			ADD   R30                , R18                    ;add offset to array    (  1 clock ) 
 315               			LDI   R18                , 0x00                   ;clear for carry prop   (  1 clock ) 
 316               			ADC   R31                , R18                    ;add carry if any       (  1 clock ) 
 317               			LDD   R18                , Z+0                    ;load SPL at ZP         (  2 clocks) 
 318               			LDD   R19                , Z+1                    ;load SPH at ZP         (  2 clocks) 
 319               			OUT   IOSPL              , R18                    ;load SPL0              (  1 clock ) 
 320               			OUT   IOSPH              , R19                    ;load SPH0              (  1 clock ) 
 321               			POP   R31                                         ;restore R31            (  2 clocks) 
 322               			POP   R30                                         ;restore R30            (  2 clocks) 
 323               			POP   R29                                         ;restore R29            (  2 clocks) 
 324               			POP   R28                                         ;restore R28            (  2 clocks) 
 325               			POP   R27                                         ;restore R27            (  2 clocks) 
 326               			POP   R26                                         ;restore R26            (  2 clocks) 
 327               			POP   R25                                         ;restore R25            (  2 clocks) 
 328               			POP   R24                                         ;restore R24            (  2 clocks) 
 329               			POP   R23                                         ;restore R23            (  2 clocks) 
 330               			POP   R22                                         ;restore R22            (  2 clocks) 
 331               			POP   R21                                         ;restore R21            (  2 clocks) 
 332               			POP   R20                                         ;restore R20            (  2 clocks) 
 333               			POP   R19                                         ;restore R19            (  2 clocks) 
 334               			POP   R18                                         ;restore R18            (  2 clocks) 
 335               			POP   R17                                         ;restore R17            (  2 clocks) 
 336               			POP   R16                                         ;restore R16            (  2 clocks) 
 337               			POP   R15                                         ;restore R15            (  2 clocks) 
 338               			POP   R14                                         ;restore R14            (  2 clocks) 
 339               			POP   R13                                         ;restore R13            (  2 clocks) 
 340               			POP   R12                                         ;restore R12            (  2 clocks) 
 341               			POP   R11                                         ;restore R11            (  2 clocks) 
 342               			POP   R10                                         ;restore R10            (  2 clocks) 
 343               			POP   R9                                          ;restore R9             (  2 clocks) 
 344               			POP   R8                                          ;restore R8             (  2 clocks) 
 345               			POP   R7                                          ;restore R7             (  2 clocks) 
 346               			POP   R6                                          ;restore R6             (  2 clocks) 
 347               			POP   R5                                          ;restore R5             (  2 clocks) 
 348               			POP   R4                                          ;restore R4             (  2 clocks) 
 349               			POP   R3                                          ;restore R3             (  2 clocks) 
 350               			POP   R2                                          ;restore R2             (  2 clocks) 
 351               			POP   R1                                          ;restore R1             (  2 clocks) 
 352               			POP   R0                                          ;fetch SREG             (  2 clocks) 
 353               			OUT   IOSREG             , R0                     ;load SREG              (  1 clock ) 
 354               			POP   R0                                          ;restore R0             (  2 clocks) 
 355               	.endm                                                                                          
 356               	
 357               	
 358               	
 359               	
 360               	
 361               	
 362               	.macro  KER_MSP_ZP_SAVE                                   ;total 1.25uS @8MHz     ( 10 clocks) 
 363               	        IN    R18                , IOSPL                  ;load SPL               (  1 clock ) 
 364               			IN    R19                , IOSPH                  ;load SPH               (  1 clock ) 
 365               			STS   KerMSPZP+0         , R18                    ;store SPL              (  2 clocks) 
 366               			STS   KerMSPZP+1         , R19                    ;store SPH              (  2 clocks) 
 367               			STS   KerMSPZP+2         , R30                    ;store ZL               (  2 clocks) 
 368               			STS   KerMSPZP+3         , R31                    ;store ZH               (  2 clocks) 
 369               	.endm                                                                                          
 370               	
 371               	
 372               	
 373               	
 374               	
 375               	
 376               	.macro  KER_MSP_ZP_RESTORE                                ;total 1.25uS @8MHz     ( 10 clocks) 
 377               			LDS   R31                , KerMSPZP+3             ;fetch ZH               (  2 clocks) 
 378               			LDS   R30                , KerMSPZP+2             ;fetch ZL               (  2 clocks) 
 379               			LDS   R19                , KerMSPZP+1             ;fetch SPH              (  2 clocks) 
 380               			LDS   R18                , KerMSPZP+0             ;fetch SPL              (  2 clocks) 
 381               			OUT   IOSPL              , R18                    ;load SPL               (  1 clock ) 
 382               			OUT   IOSPH              , R19                    ;load SPH               (  1 clock ) 
 383               	.endm                                                                                          
 384               	
 385               	
 386               	
 387               	
 388               	
 389               	
 390               	.macro  KER_RUN_SCHEDULER                                 ;total 0.25uS @8MHz     (  2 clocks) 
 391               			LDS   R18                , KerTID                 ;load val               (  2 clocks) 
 392               			LDS   R19                , KerNTSK                ;load ntask             (  2 clocks) 
 393               			LDI   R20                , 0x01                   ;set val                (  1 clock ) 
 394               			ADD   R18                , R20                    ;increment val          (  1 clock ) 
 395               			CP    R18                , R19                    ;compare val            (  1 clock ) 
 396               			BRLO  _KER_SCH_ASSN\@
 397               			LDI   R18                , 0x00                   ;roll back              (  1 clock ) 
 398               		_KER_SCH_ASSN\@:
 399               		    STS   KerTID             , R18                    ;save val               (  2 clocks)  
 400               			LDI   R30                , lo8(KerSleep)          ;load sleep reg low     (  1 clock ) 
 401               			LDI   R31                , hi8(KerSleep)          ;load sleep reg high    (  1 clock ) 
 402               			ADD   R30                , R18                    ;add                    (  1 clock ) 
 403               			LDI   R18                , 0x00                   ;set val 0              (  1 clock ) 
 404               			ADC   R31                , R18                    ;add with carry         (  1 clock ) 
 405               			LD    R18                , Z                      ;load val               (  1 clock ) 
 406               			STS   KerLST             , R18                    ;store val              (  2 clocks) 
 407               	.endm                                                                                          
 408               	
 409               	
 410               	
 411               	
 412               	
 413               	
 414               	.macro KER_DISABLE_ANALOG_DOMAIN                          ;total 0.75uS @8MHz     ( 10 clocks) 
 415               	    #if defined(KER_IDLE_AS_SLEEP)
 416               			LDS   R18                , SRADCSRA               ;load ADCSRA            (  2 clocks) 
 417               			ANDI  R18                , 0x7F                   ;clear ADEN             (  1 clock ) 
 418               			STS   SRADCSRA           , R18                    ;set val                (  2 clocks) 
 419               			LDS   R18                , SRACSR                 ;load ACSR              (  2 clocks) 
 420               			ORI   R18                , 0x80                   ;set ACD                (  1 clock ) 
 421               			STS   SRACSR             , R18                    ;set val                (  2 clocks) 
 422               		#endif                                                                                     
 423               	.endm                                                                                          
 424               	
 425               	
 426               	
 427               	
 428               	
 429               	
 430               	.macro KER_SLEEP_INIT                                     ;total 0.63uS @8MHz     (  5 clocks) 
 431               	    #ifdef KER_IDLE_AS_SLEEP                                                                   
 432               			LDI   R18                , 0x06                   ;set SM[2:0] val        (  1 clock ) 
 433               			STS   SRSMCR             , R18                    ;set sleep control val  (  2 clocks) 
 434               		#endif                                                                                     
 435               	.endm                                                                                          
 436               	
 437               	
 438               	
 439               	
 440               	
 441               	
 442               	.macro KER_ENTER_SLEEP                                    ;total 0.75uS @8MHz     (  6 clocks) 
 443               	    #ifdef KER_IDLE_AS_SLEEP                                                                   
 444               			LDS   R18                , SRSMCR                 ;load SMCR              (  2 clocks) 
 445               			ORI   R18                , 0x01                   ;set SE bit             (  1 clock ) 
 446               			STS   SRSMCR             , R18                    ;set val                (  2 clocks) 
 447               			SLEEP                                             ;sleep cpu              (  1 clock ) 
 448               		#endif                                                                                     
 449               	.endm                                                                                          
 450               	
 451               	
 452               	
 453               	
 454               	
 455               	
 456               	
 457               	.macro KER_EXIT_SLEEP                                     ;total 0.63uS @8MHz     (  5 clocks) 
 458               	    #ifdef KER_IDLE_AS_SLEEP                                                                   
 459               	        LDS   R18                , SRSMCR                 ;load SMCR              (  2 clocks) 
 460               			ANDI  R18                , 0xFE                   ;clear SE bit           (  1 clock ) 
 461               			STS   SRSMCR             , R18                    ;set val                (  2 clocks) 
 462               		#endif                                                                                     
 463               	.endm                                                                                          
 464               	
 465               	
 466               	
 467               	
 468               	
 469               	
 470               	
 471               	.global  __vector_9                                                                            
 472               	    __vector_9:                                           ;total 40.00uS @8MHz    (344 clocks) 
 473:kernel.S      **** 	    KER_DEBUG_PIN_SET                                 ;debug pin set          (  2 clocks) 
 474               	
 475               			;KER_CONTEXT_SAVE                                  ;save context           ( 83 clocks) 
 476               	
 477:kernel.S      **** 		LDI  R18,  0x00
 478:kernel.S      **** 		STS  SRTIMSK2, R18
 479               	
 480               			;KER_CONTEXT_RESTORE                               ;save context           ( 81 clocks) 
 481               	
 482:kernel.S      **** 	    KER_DEBUG_PIN_CLEAR                               ;debug pin clear        (  2 clocks) 
 483:kernel.S      **** 		RETI                                              ;return from interrupt  (  4 clocks) 
 484               	
 485               	
 486               	
 487               	
 488               	
 489               	
 490               	Kernel_Timer_Init:                                        ;total 11.50uS @8MHz    ( 92 clocks) 
 491:kernel.S      **** 		KER_DEBUG_PIN_INIT                                ;debug pin init         (  4 clocks) 
 492:kernel.S      **** 		KER_TIMER_INIT                                    ;init timer             (          ) 
 493:kernel.S      **** 		KER_SLEEP_INIT                                    ;sleep init
 494:kernel.S      **** 		SEI
 495:kernel.S      **** 		RET                                               ;return from subroutine (  4 clocks) 
 496               	
 497               	
 498               	
 499               	
 500               	
 501               	Kernel_Task_Create:                                       ;total 21.50uS @8MHz    (172 clocks) 
 502:kernel.S      **** 		KER_MSP_ZP_SAVE                                   ;push MSP and ZP        ( 18 clocks) 
 503               			;set priority to KerPrio+task_id                                                       
 504:kernel.S      **** 		LDI   R30                , lo8(KerPrio)           ;load low byte          (  1 clock ) 
 505:kernel.S      **** 		LDI   R31                , hi8(KerPrio)           ;load high byte         (  1 clock ) 
 506:kernel.S      **** 		LDS   R18                , KerTID                 ;fetch task_id          (  2 clocks) 
 507:kernel.S      **** 		ADD   R30                , R18                    ;add offset to array    (  1 clock ) 
 508:kernel.S      **** 		LDI   R18                , 0x00                   ;clear for carry prop   (  1 clock ) 
 509:kernel.S      **** 		ADC   R31                , R18                    ;add carry if any       (  1 clock ) 
 510:kernel.S      **** 		ST    Z                  , R22                    ;save priority          (  2 clocks) 
 511               	
 512               			;set task status to KerSleep+task_id                                                  
 513:kernel.S      **** 		LDI   R30                , lo8(KerSleep)          ;load low byte          (  1 clock ) 
 514:kernel.S      **** 		LDI   R31                , hi8(KerSleep)          ;load high byte         (  1 clock ) 
 515:kernel.S      **** 		LDS   R18                , KerTID                 ;fetch task_id          (  2 clocks) 
 516:kernel.S      **** 		ADD   R30                , R18                    ;add offset to array    (  1 clock ) 
 517:kernel.S      **** 		LDI   R18                , 0x00                   ;clear for carry prop   (  1 clock ) 
 518:kernel.S      **** 		ADC   R31                , R18                    ;add carry if any       (  1 clock ) 
 519:kernel.S      **** 		ST    Z                  , R22                    ;save priority          (  2 clocks) 
 520:kernel.S      **** 		LDI   R18                , 0x00                   ;set sleep time->ready  (  1 clock ) 
 521:kernel.S      **** 		ST    Z                  , R18                    ;save status            (  2 clocks) 
 522               	
 523               			;stack pointer for current task (KerStack + KER_STK_SZ*(task_id+1) - 1) ->stack top    
 524:kernel.S      **** 		LDS   R18                , KerTID                 ;load task_id           (  2 clocks) 
 525:kernel.S      **** 		INC   R18                                         ;increment task_id      (  1 clock ) 
 526:kernel.S      **** 		LDI   R19                , KER_STK_SZ             ;load stack size        (  1 clock ) 
 527:kernel.S      **** 		MUL   R18                , R19                    ;multiply to get offset (  2 clocks) 
 528:kernel.S      **** 		MOV   R30                , R0                     ;load multiplied low    (  1 clocks) 
 529:kernel.S      **** 		MOV   R31                , R1                     ;load multiplied high   (  1 clocks) 
 530:kernel.S      **** 		SBIW  R30                , 0x01                   ;dec multiplied val-1   (  2 clocks) 
 531:kernel.S      **** 		CLR   R1                                          ;gcc expects cleared    (  1 clock ) 
 532:kernel.S      **** 		LDI   R18                , lo8(KerStack)          ;load base addr low     (  1 clock ) 
 533:kernel.S      **** 		LDI   R19                , hi8(KerStack)          ;load base addr high    (  1 clock ) 
 534:kernel.S      **** 		ADD   R30                , R18                    ;add low bytes          (  1 clock ) 
 535:kernel.S      **** 		ADC   R31                , R19                    ;add high bytes+carry   (  1 clock ) 
 536:kernel.S      **** 		OUT   IOSPL              , R30                    ;load SPL               (  1 clock ) 
 537:kernel.S      ****         OUT   IOSPH              , R31                    ;load SPH               (  1 clock ) 
 538               			;function argument directly returns word address                                       
 539:kernel.S      **** 	    PUSH  R24                                         ;push word addr low     (  2 clocks) 
 540:kernel.S      **** 		PUSH  R25                                         ;push word addr high    (  2 clocks) 
 541               			;push context to stack of this task                                                    
 542:kernel.S      **** 		SEI                                               ;enable interrupt       (  1 clock ) 
 543:kernel.S      **** 		KER_CONTEXT_SAVE                                  ;save context           ( 68 clocks) 
 544               			;read stack pointer of current task (necessary when restore)                           
 545:kernel.S      **** 		IN    R18                , IOSPL                  ;read SPL               (  1 clock ) 
 546:kernel.S      ****         IN    R19                , IOSPH                  ;read SPH               (  1 clock ) 
 547               			;calculate the address where current task's SP will be stored and store SP             
 548:kernel.S      **** 		LDS   R20                , KerTID                 ;load task_id           (  2 clocks) 
 549:kernel.S      **** 		LSL   R20                                         ;left shift to multiply (  1 clock ) 
 550:kernel.S      **** 		LDI   R30                , lo8(KerTSP)            ;fetch base pos low     (  1 clock ) 
 551:kernel.S      **** 		LDI   R31                , hi8(KerTSP)            ;fetch base pos high    (  1 clock ) 
 552:kernel.S      **** 		ADD   R30                , R20                    ;add offset to array    (  1 clock ) 
 553:kernel.S      **** 		LDI   R20                , 0x00                   ;clear reg              (  1 clock ) 
 554:kernel.S      **** 		ADC   R31                , R20                    ;add carry if any       (  1 clock ) 
 555:kernel.S      **** 		ST    Z+                 , R18                    ;SPL at KerTSP+offset   (  2 clocks) 
 556:kernel.S      **** 		ST    Z                  , R19                    ;SPH at KerTSP+offset   (  2 clocks) 
 557               			;increment task_id                                                                     
 558:kernel.S      **** 		LDS   R18                , KerTID                 ;load task_id           (  2 clocks) 
 559:kernel.S      **** 		INC   R18                                         ;increment task_id      (  1 clock ) 
 560:kernel.S      **** 		STS   KerTID             , R18                    ;store task_id          (  2 clocks) 
 561               			;increment ntask                                                                       
 562:kernel.S      **** 		LDS   R18                , KerNTSK                ;load ntask             (  2 clocks) 
 563:kernel.S      **** 		INC   R18                                         ;increment ntask        (  1 clock ) 
 564:kernel.S      **** 		STS   KerNTSK   , R18                             ;store ntask            (  2 clocks) 
 565:kernel.S      **** 		KER_MSP_ZP_RESTORE                                ;pop MSP and ZP         ( 18 clocks) 
 566:kernel.S      **** 		RET                                               ;return from subroutine (  4 clocks) 
 567               	
 568               	
 569               	
 570               	
 571               	
 572               	Kernel_Task_Idle:                                                                              
 573:kernel.S      **** 	    KER_SLEEP_INIT                                    ;sleep init             (  5 clocks) 
 574               			
 575               	    _IDLE_LOOP:                                           ;forever loop                        
 576:kernel.S      **** 	    KER_DISABLE_ANALOG_DOMAIN                         ;disable adc, ac        ( 10 clocks) 
 577:kernel.S      **** 		JMP   _IDLE_LOOP                                  ;jump to loop start     (  2 clocks) 
 578               	
 579               	
 580               	
 581               	
 582               	
 583               	Kernel_Init:                                              ;total 39.75uS @8MHz    (318 clocks) 
 584:kernel.S      ****         CLI                                               ;clear interrupt        (  1 clock ) 
 585               	
 586:kernel.S      **** 		CALL  Kernel_Timer_Init                           ;timer init             (--- clocks) 
 587:kernel.S      **** 		RET                                               ;return from subroutine (  4 clocks) 
 588               	
 589               	
 590               	
 591               	
 592               	
 593               	
 594               	Kernel_Start_Tasks:                                       ;total 25.63uS @8MHz    (205 clocks) 
 595:kernel.S      **** 		RET                                               ;return from subroutine (  4 clocks) 
 596               	
 597               	
 598               	
 599               	
 600               	
 601               	Kernel_Task_Sleep:                                        ;total 37.25uS @8MHz    (298 clocks) 
 602:kernel.S      **** 		STS   KerLST             , R24                    ;store val              (  2 clocks) 
 603:kernel.S      **** 		KER_TIMER_RELOAD                                  ;reload val             (--- clocks) 
 604:kernel.S      **** 		KER_ENTER_SLEEP
 605:kernel.S      **** 		RET                                               ;return from subroutine (  4 clocks) 
DEFINED SYMBOLS
            kernel.S:18     *ABS*:00000080 KER_STK_SZ
            kernel.S:19     *ABS*:00000006 KER_MX_NTSK
            kernel.S:28     *ABS*:000000b6 SRASSR
            kernel.S:29     *ABS*:000000b4 SROCR2B
            kernel.S:30     *ABS*:000000b3 SROCR2A
            kernel.S:31     *ABS*:000000b2 SRTCNT2
            kernel.S:32     *ABS*:000000b1 SRTCCR2B
            kernel.S:33     *ABS*:000000b0 SRTCCR2A
            kernel.S:34     *ABS*:0000007a SRADCSRA
            kernel.S:35     *ABS*:00000070 SRTIMSK2
            kernel.S:36     *ABS*:00000061 SRCLKPR
            kernel.S:37     *ABS*:0000005f SRSREG
            kernel.S:38     *ABS*:0000005e SRSPH
            kernel.S:39     *ABS*:0000005d SRSPL
            kernel.S:40     *ABS*:00000055 SRMCUCR
            kernel.S:41     *ABS*:00000054 SRMCUSR
            kernel.S:42     *ABS*:00000053 SRSMCR
            kernel.S:43     *ABS*:00000050 SRACSR
            kernel.S:44     *ABS*:00000037 SRTIFR2
            kernel.S:46     *ABS*:0000003f IOSREG
            kernel.S:47     *ABS*:0000003e IOSPH
            kernel.S:48     *ABS*:0000003d IOSPL
            kernel.S:49     *ABS*:00000035 IOMCUCR
            kernel.S:50     *ABS*:00000034 IOMCUSR
            kernel.S:51     *ABS*:00000033 IOSMCR
            kernel.S:52     *ABS*:00000017 IOTIFR2
            kernel.S:63     .bss:00000000 KerMSPZP
            kernel.S:65     .bss:00000004 KerTID
            kernel.S:67     .bss:00000005 KerHPTID
            kernel.S:69     .bss:00000006 KerNTSK
            kernel.S:71     .bss:00000007 KerLST
            kernel.S:73     .bss:00000008 KerSCHM
            kernel.S:75     .bss:00000009 KerINTST
            kernel.S:77     .bss:0000000a KerSleep
            kernel.S:79     .bss:00000010 KerPrio
            kernel.S:81     .bss:00000016 KerTSP
            kernel.S:83     .bss:00000022 KerStack
            kernel.S:490    .text:0000000c Kernel_Timer_Init
            kernel.S:583    .text:00000192 Kernel_Init
            kernel.S:601    .text:0000019c Kernel_Task_Sleep
            kernel.S:501    .text:00000076 Kernel_Task_Create
            kernel.S:594    .text:0000019a Kernel_Start_Tasks
            kernel.S:472    .text:00000000 __vector_9
            kernel.S:492    .text:0000003a _KER_TCR2AUB3
            kernel.S:492    .text:00000042 _KER_TCR2BUB3
            kernel.S:492    .text:0000004a _KER_TCN2UB3
            kernel.S:572    .text:00000174 Kernel_Task_Idle
            kernel.S:575    .text:0000017a _IDLE_LOOP
            kernel.S:603    .text:000001d4 _KER_TIMER_LOAD_TCNT212
            kernel.S:603    .text:000001b0 _KER_TIMER_RLD_CMP10512
            kernel.S:603    .text:000001b8 _KER_TIMER_RLD_CMP14612
            kernel.S:603    .text:000001c0 _KER_TIMER_RLD_CMP18812
            kernel.S:603    .text:000001c8 _KER_TIMER_RLD_CMP23012
            kernel.S:603    .text:000001d0 _KER_TIMER_RLD_ELSE12
            kernel.S:603    .text:000001da _KER_TIMER_LOAD_BSY12

NO UNDEFINED SYMBOLS
