   1               	# 1 "kernel.S"
   1               	
   0               	
   0               	
   2               	
   3               	 ; File          : kernel.S
   4               	 ; Author        : MD. Faridul Islam (faridmdislam@gmail.com)
   5               	 ; Description   : AVR kernel for bare-metal RTOS
   6               	 ; Created       : Jul 27, 2025, 09:30 PM
   7               	 ; Last Modified : Apr 22, 2026, 10:49 PM
   8               	
   9               	
  10               	
  11               	
  12               	#include <avr/io.h>
   1               	/* Copyright (c) 2002,2003,2005,2006,2007 Marek Michalkiewicz, Joerg Wunsch
   2               	   Copyright (c) 2007 Eric B. Weddington
   3               	   All rights reserved.
   4               	
   5               	   Redistribution and use in source and binary forms, with or without
   6               	   modification, are permitted provided that the following conditions are met:
   7               	
   8               	   * Redistributions of source code must retain the above copyright
   9               	     notice, this list of conditions and the following disclaimer.
  10               	
  11               	   * Redistributions in binary form must reproduce the above copyright
  12               	     notice, this list of conditions and the following disclaimer in
  13               	     the documentation and/or other materials provided with the
  14               	     distribution.
  15               	
  16               	   * Neither the name of the copyright holders nor the names of
  17               	     contributors may be used to endorse or promote products derived
  18               	     from this software without specific prior written permission.
  19               	
  20               	  THIS SOFTWARE IS PROVIDED BY THE COPYRIGHT HOLDERS AND CONTRIBUTORS "AS IS"
  21               	  AND ANY EXPRESS OR IMPLIED WARRANTIES, INCLUDING, BUT NOT LIMITED TO, THE
  22               	  IMPLIED WARRANTIES OF MERCHANTABILITY AND FITNESS FOR A PARTICULAR PURPOSE
  23               	  ARE DISCLAIMED. IN NO EVENT SHALL THE COPYRIGHT OWNER OR CONTRIBUTORS BE
  24               	  LIABLE FOR ANY DIRECT, INDIRECT, INCIDENTAL, SPECIAL, EXEMPLARY, OR
  25               	  CONSEQUENTIAL DAMAGES (INCLUDING, BUT NOT LIMITED TO, PROCUREMENT OF
  26               	  SUBSTITUTE GOODS OR SERVICES; LOSS OF USE, DATA, OR PROFITS; OR BUSINESS
  27               	  INTERRUPTION) HOWEVER CAUSED AND ON ANY THEORY OF LIABILITY, WHETHER IN
  28               	  CONTRACT, STRICT LIABILITY, OR TORT (INCLUDING NEGLIGENCE OR OTHERWISE)
  29               	  ARISING IN ANY WAY OUT OF THE USE OF THIS SOFTWARE, EVEN IF ADVISED OF THE
  30               	  POSSIBILITY OF SUCH DAMAGE. */
  31               	
  32               	/* $Id: io.h,v 1.52.2.28 2009/12/20 17:02:53 arcanum Exp $ */
  33               	
  34               	/** \file */
  35               	/** \defgroup avr_io <avr/io.h>: AVR device-specific IO definitions
  36               	    \code #include <avr/io.h> \endcode
  37               	
  38               	    This header file includes the apropriate IO definitions for the
  39               	    device that has been specified by the <tt>-mmcu=</tt> compiler
  40               	    command-line switch.  This is done by diverting to the appropriate
  41               	    file <tt>&lt;avr/io</tt><em>XXXX</em><tt>.h&gt;</tt> which should
  42               	    never be included directly.  Some register names common to all
  43               	    AVR devices are defined directly within <tt>&lt;avr/common.h&gt;</tt>,
  44               	    which is included in <tt>&lt;avr/io.h&gt;</tt>,
  45               	    but most of the details come from the respective include file.
  46               	
  47               	    Note that this file always includes the following files:
  48               	    \code 
  49               	    #include <avr/sfr_defs.h>
  50               	    #include <avr/portpins.h>
  51               	    #include <avr/common.h>
  52               	    #include <avr/version.h>
  53               	    \endcode
  54               	    See \ref avr_sfr for more details about that header file.
  55               	
  56               	    Included are definitions of the IO register set and their
  57               	    respective bit values as specified in the Atmel documentation.
  58               	    Note that inconsistencies in naming conventions,
  59               	    so even identical functions sometimes get different names on
  60               	    different devices.
  61               	
  62               	    Also included are the specific names useable for interrupt
  63               	    function definitions as documented
  64               	    \ref avr_signames "here".
  65               	
  66               	    Finally, the following macros are defined:
  67               	
  68               	    - \b RAMEND
  69               	    <br>
  70               	    The last on-chip RAM address.
  71               	    <br>
  72               	    - \b XRAMEND
  73               	    <br>
  74               	    The last possible RAM location that is addressable. This is equal to 
  75               	    RAMEND for devices that do not allow for external RAM. For devices 
  76               	    that allow external RAM, this will be larger than RAMEND.
  77               	    <br>
  78               	    - \b E2END
  79               	    <br>
  80               	    The last EEPROM address.
  81               	    <br>
  82               	    - \b FLASHEND
  83               	    <br>
  84               	    The last byte address in the Flash program space.
  85               	    <br>
  86               	    - \b SPM_PAGESIZE
  87               	    <br>
  88               	    For devices with bootloader support, the flash pagesize
  89               	    (in bytes) to be used for the \c SPM instruction. 
  90               	    - \b E2PAGESIZE
  91               	    <br>
  92               	    The size of the EEPROM page.
  93               	    
  94               	*/
  95               	
  96               	#ifndef _AVR_IO_H_
  97               	#define _AVR_IO_H_
  98               	
  99               	#include <avr/sfr_defs.h>
   1               	/* Copyright (c) 2002, Marek Michalkiewicz <marekm@amelek.gda.pl>
 100               	
 101               	#if defined (__AVR_AT94K__)
 102               	#  include <avr/ioat94k.h>
 103               	#elif defined (__AVR_AT43USB320__)
 104               	#  include <avr/io43u32x.h>
 105               	#elif defined (__AVR_AT43USB355__)
 106               	#  include <avr/io43u35x.h>
 107               	#elif defined (__AVR_AT76C711__)
 108               	#  include <avr/io76c711.h>
 109               	#elif defined (__AVR_AT86RF401__)
 110               	#  include <avr/io86r401.h>
 111               	#elif defined (__AVR_AT90PWM1__)
 112               	#  include <avr/io90pwm1.h>
 113               	#elif defined (__AVR_AT90PWM2__)
 114               	#  include <avr/io90pwmx.h>
 115               	#elif defined (__AVR_AT90PWM2B__)
 116               	#  include <avr/io90pwm2b.h>
 117               	#elif defined (__AVR_AT90PWM3__)
 118               	#  include <avr/io90pwmx.h>
 119               	#elif defined (__AVR_AT90PWM3B__)
 120               	#  include <avr/io90pwm3b.h>
 121               	#elif defined (__AVR_AT90PWM216__)
 122               	#  include <avr/io90pwm216.h>
 123               	#elif defined (__AVR_AT90PWM316__)
 124               	#  include <avr/io90pwm316.h>
 125               	#elif defined (__AVR_AT90PWM81__)
 126               	#  include <avr/io90pwm81.h>
 127               	#elif defined (__AVR_ATmega8U2__)
 128               	#  include <avr/iom8u2.h>
 129               	#elif defined (__AVR_ATmega16M1__)
 130               	#  include <avr/iom16m1.h>
 131               	#elif defined (__AVR_ATmega16U2__)
 132               	#  include <avr/iom16u2.h>
 133               	#elif defined (__AVR_ATmega16U4__)
 134               	#  include <avr/iom16u4.h>
 135               	#elif defined (__AVR_ATmega32C1__)
 136               	#  include <avr/iom32c1.h>
 137               	#elif defined (__AVR_ATmega32M1__)
 138               	#  include <avr/iom32m1.h>
 139               	#elif defined (__AVR_ATmega32U2__)
 140               	#  include <avr/iom32u2.h>
 141               	#elif defined (__AVR_ATmega32U4__)
 142               	#  include <avr/iom32u4.h>
 143               	#elif defined (__AVR_ATmega32U6__)
 144               	#  include <avr/iom32u6.h>
 145               	#elif defined (__AVR_ATmega64C1__)
 146               	#  include <avr/iom64c1.h>
 147               	#elif defined (__AVR_ATmega64M1__)
 148               	#  include <avr/iom64m1.h>
 149               	#elif defined (__AVR_ATmega128__)
 150               	#  include <avr/iom128.h>
 151               	#elif defined (__AVR_ATmega1280__)
 152               	#  include <avr/iom1280.h>
 153               	#elif defined (__AVR_ATmega1281__)
 154               	#  include <avr/iom1281.h>
 155               	#elif defined (__AVR_ATmega1284P__)
 156               	#  include <avr/iom1284p.h>
 157               	#elif defined (__AVR_ATmega128RFA1__)
 158               	#  include <avr/iom128rfa1.h>
 159               	#elif defined (__AVR_ATmega2560__)
 160               	#  include <avr/iom2560.h>
 161               	#elif defined (__AVR_ATmega2561__)
 162               	#  include <avr/iom2561.h>
 163               	#elif defined (__AVR_AT90CAN32__)
 164               	#  include <avr/iocan32.h>
 165               	#elif defined (__AVR_AT90CAN64__)
 166               	#  include <avr/iocan64.h>
 167               	#elif defined (__AVR_AT90CAN128__)
 168               	#  include <avr/iocan128.h>
 169               	#elif defined (__AVR_AT90USB82__)
 170               	#  include <avr/iousb82.h>
 171               	#elif defined (__AVR_AT90USB162__)
 172               	#  include <avr/iousb162.h>
 173               	#elif defined (__AVR_AT90USB646__)
 174               	#  include <avr/iousb646.h>
 175               	#elif defined (__AVR_AT90USB647__)
 176               	#  include <avr/iousb647.h>
 177               	#elif defined (__AVR_AT90USB1286__)
 178               	#  include <avr/iousb1286.h>
 179               	#elif defined (__AVR_AT90USB1287__)
 180               	#  include <avr/iousb1287.h>
 181               	#elif defined (__AVR_ATmega64__)
 182               	#  include <avr/iom64.h>
 183               	#elif defined (__AVR_ATmega640__)
 184               	#  include <avr/iom640.h>
 185               	#elif defined (__AVR_ATmega644__) || defined (__AVR_ATmega644A__)
 186               	#  include <avr/iom644.h>
 187               	#elif defined (__AVR_ATmega644P__)
 188               	#  include <avr/iom644p.h>
 189               	#elif defined (__AVR_ATmega644PA__)
 190               	#  include <avr/iom644pa.h>
 191               	#elif defined (__AVR_ATmega645__) || defined (__AVR_ATmega645A__) || defined (__AVR_ATmega645P__)
 192               	#  include <avr/iom645.h>
 193               	#elif defined (__AVR_ATmega6450__) || defined (__AVR_ATmega6450A__) || defined (__AVR_ATmega6450P__
 194               	#  include <avr/iom6450.h>
 195               	#elif defined (__AVR_ATmega649__) || defined (__AVR_ATmega649A__)
 196               	#  include <avr/iom649.h>
 197               	#elif defined (__AVR_ATmega6490__) || defined (__AVR_ATmega6490A__) || defined (__AVR_ATmega6490P__
 198               	#  include <avr/iom6490.h>
 199               	#elif defined (__AVR_ATmega649P__)
 200               	#  include <avr/iom649p.h>
 201               	#elif defined (__AVR_ATmega64HVE__)
 202               	#  include <avr/iom64hve.h>
 203               	#elif defined (__AVR_ATmega103__)
 204               	#  include <avr/iom103.h>
 205               	#elif defined (__AVR_ATmega32__)
 206               	#  include <avr/iom32.h>
 207               	#elif defined (__AVR_ATmega323__)
 208               	#  include <avr/iom323.h>
 209               	#elif defined (__AVR_ATmega324P__) || defined (__AVR_ATmega324A__)
 210               	#  include <avr/iom324.h>
 211               	#elif defined (__AVR_ATmega324PA__)
 212               	#  include <avr/iom324pa.h>
 213               	#elif defined (__AVR_ATmega325__)
 214               	#  include <avr/iom325.h>
 215               	#elif defined (__AVR_ATmega325P__)
 216               	#  include <avr/iom325.h>
 217               	#elif defined (__AVR_ATmega3250__)
 218               	#  include <avr/iom3250.h>
 219               	#elif defined (__AVR_ATmega3250P__)
 220               	#  include <avr/iom3250.h>
 221               	#elif defined (__AVR_ATmega328P__) || defined (__AVR_ATmega328__)
 222               	#  include <avr/iom328p.h>
   1               	/* Copyright (c) 2007 Atmel Corporation
 223               	#elif defined (__AVR_ATmega329__)
 224               	#  include <avr/iom329.h>
 225               	#elif defined (__AVR_ATmega329P__) || defined (__AVR_ATmega329PA__)
 226               	#  include <avr/iom329.h>
 227               	#elif defined (__AVR_ATmega3290__)
 228               	#  include <avr/iom3290.h>
 229               	#elif defined (__AVR_ATmega3290P__)
 230               	#  include <avr/iom3290.h>
 231               	#elif defined (__AVR_ATmega32HVB__)
 232               	#  include <avr/iom32hvb.h>
 233               	#elif defined (__AVR_ATmega406__)
 234               	#  include <avr/iom406.h>
 235               	#elif defined (__AVR_ATmega16__)
 236               	#  include <avr/iom16.h>
 237               	#elif defined (__AVR_ATmega16A__)
 238               	#  include <avr/iom16a.h>
 239               	#elif defined (__AVR_ATmega161__)
 240               	#  include <avr/iom161.h>
 241               	#elif defined (__AVR_ATmega162__)
 242               	#  include <avr/iom162.h>
 243               	#elif defined (__AVR_ATmega163__)
 244               	#  include <avr/iom163.h>
 245               	#elif defined (__AVR_ATmega164P__) || defined (__AVR_ATmega164A__)
 246               	#  include <avr/iom164.h>
 247               	#elif defined (__AVR_ATmega165__) || defined (__AVR_ATmega165A__)
 248               	#  include <avr/iom165.h>
 249               	#elif defined (__AVR_ATmega165P__)
 250               	#  include <avr/iom165p.h>
 251               	#elif defined (__AVR_ATmega168__) || defined (__AVR_ATmega168A__)
 252               	#  include <avr/iom168.h>
 253               	#elif defined (__AVR_ATmega168P__)
 254               	#  include <avr/iom168p.h>
 255               	#elif defined (__AVR_ATmega169__) || defined (__AVR_ATmega169A__)
 256               	#  include <avr/iom169.h>
 257               	#elif defined (__AVR_ATmega169P__)
 258               	#  include <avr/iom169p.h>
 259               	#elif defined (__AVR_ATmega169PA__)
 260               	#  include <avr/iom169pa.h>
 261               	#elif defined (__AVR_ATmega8HVA__)
 262               	#  include <avr/iom8hva.h>
 263               	#elif defined (__AVR_ATmega16HVA__)
 264               	#  include <avr/iom16hva.h>
 265               	#elif defined (__AVR_ATmega16HVA2__)
 266               	#  include <avr/iom16hva2.h>
 267               	#elif defined (__AVR_ATmega16HVB__)
 268               	#  include <avr/iom16hvb.h>
 269               	#elif defined (__AVR_ATmega8__)
 270               	#  include <avr/iom8.h>
 271               	#elif defined (__AVR_ATmega48__) || defined (__AVR_ATmega48A__)
 272               	#  include <avr/iom48.h>
 273               	#elif defined (__AVR_ATmega48P__)
 274               	#  include <avr/iom48p.h>
 275               	#elif defined (__AVR_ATmega88__) || defined (__AVR_ATmega88A__)
 276               	#  include <avr/iom88.h>
 277               	#elif defined (__AVR_ATmega88P__)
 278               	#  include <avr/iom88p.h>
 279               	#elif defined (__AVR_ATmega88PA__)
 280               	#  include <avr/iom88pa.h>
 281               	#elif defined (__AVR_ATmega8515__)
 282               	#  include <avr/iom8515.h>
 283               	#elif defined (__AVR_ATmega8535__)
 284               	#  include <avr/iom8535.h>
 285               	#elif defined (__AVR_AT90S8535__)
 286               	#  include <avr/io8535.h>
 287               	#elif defined (__AVR_AT90C8534__)
 288               	#  include <avr/io8534.h>
 289               	#elif defined (__AVR_AT90S8515__)
 290               	#  include <avr/io8515.h>
 291               	#elif defined (__AVR_AT90S4434__)
 292               	#  include <avr/io4434.h>
 293               	#elif defined (__AVR_AT90S4433__)
 294               	#  include <avr/io4433.h>
 295               	#elif defined (__AVR_AT90S4414__)
 296               	#  include <avr/io4414.h>
 297               	#elif defined (__AVR_ATtiny22__)
 298               	#  include <avr/iotn22.h>
 299               	#elif defined (__AVR_ATtiny26__)
 300               	#  include <avr/iotn26.h>
 301               	#elif defined (__AVR_AT90S2343__)
 302               	#  include <avr/io2343.h>
 303               	#elif defined (__AVR_AT90S2333__)
 304               	#  include <avr/io2333.h>
 305               	#elif defined (__AVR_AT90S2323__)
 306               	#  include <avr/io2323.h>
 307               	#elif defined (__AVR_AT90S2313__)
 308               	#  include <avr/io2313.h>
 309               	#elif defined (__AVR_ATtiny2313__)
 310               	#  include <avr/iotn2313.h>
 311               	#elif defined (__AVR_ATtiny2313A__)
 312               	#  include <avr/iotn2313a.h>
 313               	#elif defined (__AVR_ATtiny13__)
 314               	#  include <avr/iotn13.h>
 315               	#elif defined (__AVR_ATtiny13A__)
 316               	#  include <avr/iotn13a.h>
 317               	#elif defined (__AVR_ATtiny25__)
 318               	#  include <avr/iotn25.h>
 319               	#elif defined (__AVR_ATtiny4313__)
 320               	#  include <avr/iotn4313.h>
 321               	#elif defined (__AVR_ATtiny45__)
 322               	#  include <avr/iotn45.h>
 323               	#elif defined (__AVR_ATtiny85__)
 324               	#  include <avr/iotn85.h>
 325               	#elif defined (__AVR_ATtiny24__)
 326               	#  include <avr/iotn24.h>
 327               	#elif defined (__AVR_ATtiny24A__)
 328               	#  include <avr/iotn24a.h>
 329               	#elif defined (__AVR_ATtiny44__)
 330               	#  include <avr/iotn44.h>
 331               	#elif defined (__AVR_ATtiny44A__)
 332               	#  include <avr/iotn44a.h>
 333               	#elif defined (__AVR_ATtiny84__)
 334               	#  include <avr/iotn84.h>
 335               	#elif defined (__AVR_ATtiny261__)
 336               	#  include <avr/iotn261.h>
 337               	#elif defined (__AVR_ATtiny261A__)
 338               	#  include <avr/iotn261a.h>
 339               	#elif defined (__AVR_ATtiny461__)
 340               	#  include <avr/iotn461.h>
 341               	#elif defined (__AVR_ATtiny461A__)
 342               	#  include <avr/iotn461a.h>
 343               	#elif defined (__AVR_ATtiny861__)
 344               	#  include <avr/iotn861.h>
 345               	#elif defined (__AVR_ATtiny861A__)
 346               	#  include <avr/iotn861a.h>
 347               	#elif defined (__AVR_ATtiny43U__)
 348               	#  include <avr/iotn43u.h>
 349               	#elif defined (__AVR_ATtiny48__)
 350               	#  include <avr/iotn48.h>
 351               	#elif defined (__AVR_ATtiny88__)
 352               	#  include <avr/iotn88.h>
 353               	#elif defined (__AVR_ATtiny87__)
 354               	#  include <avr/iotn87.h>
 355               	#elif defined (__AVR_ATtiny167__)
 356               	#  include <avr/iotn167.h>
 357               	#elif defined (__AVR_AT90SCR100__)
 358               	#  include <avr/io90scr100.h>
 359               	#elif defined (__AVR_ATxmega16A4__)
 360               	#  include <avr/iox16a4.h>
 361               	#elif defined (__AVR_ATxmega16D4__)
 362               	#  include <avr/iox16d4.h>
 363               	#elif defined (__AVR_ATxmega32A4__)
 364               	#  include <avr/iox32a4.h>
 365               	#elif defined (__AVR_ATxmega32D4__)
 366               	#  include <avr/iox32d4.h>
 367               	#elif defined (__AVR_ATxmega64A1__)
 368               	#  include <avr/iox64a1.h>
 369               	#elif defined (__AVR_ATxmega64A3__)
 370               	#  include <avr/iox64a3.h>
 371               	#elif defined (__AVR_ATxmega64D3__)
 372               	#  include <avr/iox64d3.h>
 373               	#elif defined (__AVR_ATxmega128A1__)
 374               	#  include <avr/iox128a1.h>
 375               	#elif defined (__AVR_ATxmega128A3__)
 376               	#  include <avr/iox128a3.h>
 377               	#elif defined (__AVR_ATxmega128D3__)
 378               	#  include <avr/iox128d3.h>
 379               	#elif defined (__AVR_ATxmega192A3__)
 380               	#  include <avr/iox192a3.h>
 381               	#elif defined (__AVR_ATxmega192D3__)
 382               	#  include <avr/iox192d3.h>
 383               	#elif defined (__AVR_ATxmega256A3__)
 384               	#  include <avr/iox256a3.h>
 385               	#elif defined (__AVR_ATxmega256A3B__)
 386               	#  include <avr/iox256a3b.h>
 387               	#elif defined (__AVR_ATxmega256D3__)
 388               	#  include <avr/iox256d3.h>
 389               	#elif defined (__AVR_ATA6289__)
 390               	#  include <avr/ioa6289.h>
 391               	/* avr1: the following only supported for assembler programs */
 392               	#elif defined (__AVR_ATtiny28__)
 393               	#  include <avr/iotn28.h>
 394               	#elif defined (__AVR_AT90S1200__)
 395               	#  include <avr/io1200.h>
 396               	#elif defined (__AVR_ATtiny15__)
 397               	#  include <avr/iotn15.h>
 398               	#elif defined (__AVR_ATtiny12__)
 399               	#  include <avr/iotn12.h>
 400               	#elif defined (__AVR_ATtiny11__)
 401               	#  include <avr/iotn11.h>
 402               	#else
 403               	#  if !defined(__COMPILING_AVR_LIBC__)
 404               	#    warning "device type not defined"
 405               	#  endif
 406               	#endif
 407               	
 408               	#include <avr/portpins.h>
   1               	/* Copyright (c) 2003  Theodore A. Roth
 409               	
 410               	#include <avr/common.h>
   1               	/* Copyright (c) 2007 Eric B. Weddington
 411               	
 412               	#include <avr/version.h>
   1               	/* Copyright (c) 2005, Joerg Wunsch                               -*- c -*-
 413               	
 414               	/* Include fuse.h after individual IO header files. */
 415               	#include <avr/fuse.h>
   1               	/* Copyright (c) 2007, Atmel Corporation
 416               	
 417               	/* Include lock.h after individual IO header files. */
 418               	#include <avr/lock.h>
   1               	/* Copyright (c) 2007, Atmel Corporation
 419               	
  13               	#include "kernel.h"
   1               	
  14               	
  15               	
  16               	;;============================define user address or macro starting=========================;; 
  17               	.equ     KER_RLD,         0x00                            ;KER_RLD=0xFF-(F_CPU/KER_PRS/KER_TR) 
  18               	.equ     KER_STK_SZ,      128                             ;stack size in bytes for each task   
  19               	.equ     KER_MX_NTSK,     KER_MAX_TASK+1                  ;max number of tasks                 
  20               	;;==============================define user address or macro end============================;; 
  21               	
  22               	
  23               	
  24               	
  25               	
  26               	;;===========================define hardware reg address starting===========================;; 
  27               	;SRAM Mapped Addresses, LDS/STS can be used                                                    
  28               	.equ     SRASSR  ,        0xB6                            ;manually defined ASSR in SRAM       
  29               	.equ     SROCR2B ,        0xB4                            ;manually defined OCR2B in SRAM      
  30               	.equ     SROCR2A ,        0xB3                            ;manually defined OCR2A in SRAM      
  31               	.equ     SRTCNT2 ,        0xB2                            ;manually defined TNCT2 in SRAM      
  32               	.equ     SRTCCR2B,        0xB1                            ;manually defined TCCR2B in SRAM     
  33               	.equ     SRTCCR2A,        0xB0                            ;manually defined TCCR2A in SRAM     
  34               	.equ     SRADCSRA,        0x7A                            ;manually defined ADCSRA in SRAM     
  35               	.equ     SRTIMSK2,        0x70                            ;manually defined TIMSK2 in SRAM     
  36               	.equ     SRCLKPR ,        0x61                            ;manually defined CLKPR in SRAM      
  37               	.equ     SRSREG  ,        0x5F                            ;manually defined SREG in SRAM       
  38               	.equ     SRSPH   ,        0x5E                            ;manually defined SPH in SRAM        
  39               	.equ     SRSPL   ,        0x5D                            ;manually defined SPL in SRAM        
  40               	.equ     SRMCUCR ,        0x55                            ;manually defined MCUCR in SRAM      
  41               	.equ     SRMCUSR ,        0x54                            ;manually defined MCUSR in SRAM      
  42               	.equ     SRSMCR  ,        0x53                            ;manually defined SMCR in SRAM       
  43               	.equ     SRACSR  ,        0x50                            ;manually defined ACSR in SRAM       
  44               	.equ     SRTIFR2 ,        0x37                            ;manually defined TIFR2 in SRAM      
  45               	;IO Mapped Addresses, IN/OUT commands can be used                                              
  46               	.equ     IOSREG  ,        0x3F                            ;manually defined SREG in IO         
  47               	.equ     IOSPH   ,        0x3E                            ;manually defined SPH in IO          
  48               	.equ     IOSPL   ,        0x3D                            ;manually defined SPL in IO          
  49               	.equ     IOMCUCR ,        0x35                            ;manually defined MCUCR in IO        
  50               	.equ     IOMCUSR ,        0x34                            ;manually defined MCUSR in IO        
  51               	.equ     IOSMCR  ,        0x33                            ;manually defined SMCR in IO         
  52               	.equ     IOTIFR2 ,        0x17                            ;manually defined TIFR2 in IO        
  53               	;;==============================define hardware reg address end=============================;; 
  54               	
  55               	
  56               	
  57               	
  58               	
  59               	;;=============================define global variables starting=============================;; 
  60               	.section   .bss                                                                                
  61               	                                                                                               
  62               	.global    KerMSPZP                                       ;declare space for storing MSP, ZP   
  63 0000 0000 0000 	KerMSPZP:  .skip 4                                        ;2 bytes for MSP, 2 bytes for ZP     
  64               	.global    KerTID                                         ;declare space for task id           
  65 0004 00        	KerTID:    .skip 1                                        ;single byte, max 0xff tasks         
  66               	.global    KerNTSK                                        ;declare space for number of tasks   
  67 0005 00        	KerNTSK:   .skip 1                                        ;single byte, max 0xff tasks         
  68               	.global    KerLST                                         ;declare space for lowest sleep time 
  69 0006 00        	KerLST:    .skip 1                                        ;single byte, max 0xff unit sleep    
  70               	.global    KerSleep                                       ;declare space for task sleep time   
  71 0007 0000 0000 	KerSleep:  .skip KER_MX_NTSK*1                            ;singel byte for each task           
  71      0000 
  72               	.global    KerPrio                                        ;declare space for task priority     
  73 000d 0000 0000 	KerPrio:   .skip KER_MX_NTSK*1                            ;singel byte for each task           
  73      0000 
  74               	.global    KerTSP                                         ;declare space for stack pointer     
  75 0013 0000 0000 	KerTSP:    .skip KER_MX_NTSK*2                            ;2 bytes for each task               
  75      0000 0000 
  75      0000 0000 
  76               	.global    KerStack                                       ;declare global space for stack      
  77 001f 0000 0000 	KerStack:  .skip KER_STK_SZ*KER_MX_NTSK                   ;KER_STK_SZ bytes for each task      
  77      0000 0000 
  77      0000 0000 
  77      0000 0000 
  77      0000 0000 
  77      0000 0000 
  77      0000 0000 
  77      0000 0000 
  77      0000 0000 
  77      0000 0000 
  77      0000 0000 
  77      0000 0000 
  77      0000 0000 
  77      0000 0000 
  77      0000 0000 
  77      0000 0000 
  77      0000 0000 
  77      0000 0000 
  77      0000 0000 
  77      0000 0000 
  77      0000 0000 
  77      0000 0000 
  77      0000 0000 
  77      0000 0000 
  77      0000 0000 
  77      0000 0000 
  77      0000 0000 
  77      0000 0000 
  77      0000 0000 
  77      0000 0000 
  77      0000 0000 
  77      0000 0000 
  77      0000 0000 
  77      0000 0000 
  77      0000 0000 
  77      0000 0000 
  77      0000 0000 
  77      0000 0000 
  77      0000 0000 
  77      0000 0000 
  77      0000 0000 
  77      0000 0000 
  77      0000 0000 
  77      0000 0000 
  77      0000 0000 
  77      0000 0000 
  77      0000 0000 
  77      0000 0000 
  77      0000 0000 
  77      0000 0000 
  77      0000 0000 
  77      0000 0000 
  77      0000 0000 
  77      0000 0000 
  77      0000 0000 
  77      0000 0000 
  77      0000 0000 
  77      0000 0000 
  77      0000 0000 
  77      0000 0000 
  77      0000 0000 
  77      0000 0000 
  77      0000 0000 
  77      0000 0000 
  77      0000 0000 
  77      0000 0000 
  77      0000 0000 
  77      0000 0000 
  77      0000 0000 
  77      0000 0000 
  77      0000 0000 
  77      0000 0000 
  77      0000 0000 
  77      0000 0000 
  77      0000 0000 
  77      0000 0000 
  77      0000 0000 
  77      0000 0000 
  77      0000 0000 
  77      0000 0000 
  77      0000 0000 
  77      0000 0000 
  77      0000 0000 
  77      0000 0000 
  77      0000 0000 
  77      0000 0000 
  77      0000 0000 
  77      0000 0000 
  77      0000 0000 
  77      0000 0000 
  77      0000 0000 
  77      0000 0000 
  77      0000 0000 
  77      0000 0000 
  77      0000 0000 
  77      0000 0000 
  77      0000 0000 
  77      0000 0000 
  77      0000 0000 
  77      0000 0000 
  77      0000 0000 
  78               	                                                                                               
  79               	;;==============================define global variables end=================================;; 
  80               	
  81               	
  82               	
  83               	
  84               	
  85               	;;===============================define text section starting===============================;; 
  86               	.section .text                                                                                 
  87               	;;==================================define text section end=================================;; 
  88               	
  89               	
  90               	
  91               	
  92               	
  93               	;;==============================define global functions starting============================;; 
  94               	.global  Kernel_Timer_Init                                                                     
  95               	.global  Kernel_Init                                                                           
  96               	.global  Kernel_Manual_Sleep                                                       
  97               	.global  Kernel_Task_Create
  98               	.global  Kernel_Start_Tasks
  99               	;;================================define global functions end===============================;; 
 100               	
 101               	
 102               	
 103               	
 104               	
 105               	;;=================================timer2 disable starting==================================;; 
 106               	;used registers          : R18                                                                 
 107               	;arg registers           : None                                                                
 108               	;return registers        : None                                                                
 109               	;unsafe access registers : R18                                                                 
 110               	.macro  KER_TIMER2_DISABLE                                ;1.75uS @8MHz           ( 14 clocks) 
 111               			LDI   R18                , 0x00                   ;clear interrupt enbits (  1 clock ) 
 112               			STS   SRTIMSK2           , R18                    ;set val to TIMSK2      (  2 clocks) 
 113               			STS   SRTCCR2B           , R18                    ;set val to TCCR2B      (  2 clocks) 
 114               			STS   SRASSR             , R18                    ;set val to ASSR        (  2 clocks) 
 115               			STS   SROCR2B            , R18                    ;clear OCR2B            (  2 clocks) 
 116               			STS   SRTCNT2            , R18                    ;clear TCNT2            (  2 clocks) 
 117               	.endm                                                                                          
 118               	;;==================================timer2 disable end======================================;; 
 119               	
 120               	
 121               	
 122               	
 123               	;;===============================timer2 async init starting=================================;; 
 124               	;used registers          : R18, R19                                                            
 125               	;arg registers           : None                                                                
 126               	;return registers        : None                                                                
 127               	;unsafe access registers : R18, R19                                                            
 128               	.macro  KER_TIMER2_ASYNC_INIT                             ;~9.13uS @8MHz          (~73 clocks) 
 129               			LDI   R18                , 0x00                   ;clear interrupts       (  1 clock ) 
 130               			STS   SRTCCR2B           , R18                    ;stop timer             (  2 clocks) 
 131               			STS   SRTIMSK2           , R18                    ;clear TIMSK2           (  2 clocks) 
 132               			LDI   R18                , 0x20                   ;set AS2 bit            (  1 clock ) 
 133               			STS   SRASSR             , R18                    ;set val to ASSR        (  2 clocks) 
 134               			LDI   R18                , 0x00                   ;clear interrupts       (  1 clock ) 
 135               			STS   SROCR2A            , R18                    ;clear compare reg      (  2 clocks) 
 136               			STS   SROCR2B            , R18                    ;clear compare reg      (  2 clocks) 
 137               			STS   SRTCCR2A           , R18                    ;clear controlA reg     (  2 clocks) 
 138               			LDI   R18                , 0x03                   ;prescaler 3            (  1 clock ) 
 139               			STS   SRTCCR2B           , R18                    ;set prescaler          (  2 clocks) 
 140               			LDI   R18                , 0x00                   ;clear reg              (  1 clock ) 
 141               			STS   SRTCNT2            , R18                    ;clear TCNT2            (  2 clocks) 
 142               		_KER_TC2_AUB\@:                                                                            
 143               		    LDS   R18                , SRASSR                 ;load ASSR              (  2 clocks) 
 144               	        ANDI  R18                , 0x02                   ;check bit TCR2AUB      (  1 clock ) 
 145               			BRNE  _KER_TC2_AUB\@                              ;wait until AUB cleared (  2 clocks) 
 146               		_KER_TC2_BUB\@:                                                                            
 147               		    LDS   R18                , SRASSR                 ;load ASSR              (  2 clocks) 
 148               	        ANDI  R18                , 0x01                   ;check bit TCR2BUB      (  1 clock ) 
 149               			BRNE  _KER_TC2_BUB\@                              ;wait until BUB cleared (  2 clocks) 
 150               		_KER_OC2_AUB\@:                                                                            
 151               		    LDS   R18                , SRASSR                 ;load ASSR              (  2 clocks) 
 152               	        ANDI  R18                , 0x08                   ;check bit OR2AUB       (  1 clock ) 
 153               			BRNE  _KER_OC2_AUB\@                              ;wait until AUB cleared (  2 clocks) 
 154               		_KER_OC2_BUB\@:                                                                            
 155               		    LDS   R18                , SRASSR                 ;load ASSR              (  2 clocks) 
 156               	        ANDI  R18                , 0x04                   ;check bit OCR2BUB      (  1 clock ) 
 157               			BRNE  _KER_OC2_BUB\@                              ;wait until BUB cleared (  2 clocks) 
 158               		_KER_TC2_UB\@:                                                                             
 159               		    LDS   R18                , SRASSR                 ;load ASSR              (  2 clocks) 
 160               	        ANDI  R18                , 0x10                   ;check bit TCNT2UB      (  1 clock ) 
 161               			BRNE  _KER_TC2_UB\@                               ;wait until UB cleared  (  2 clocks) 
 162               		_KER_TC2_TOV2\@:                                                                           
 163               		    LDS   R18                , SRTIFR2                ;load TIFR2             (  2 clocks) 
 164               	        ANDI  R18                , 0x01                   ;check bit TOV2         (  1 clock ) 
 165               	        BREQ  _KER_TC2_OCF2A\@                            ;bit cleared, jump next (  2 clocks) 
 166               			LDI   R18                , 0x01                   ;set bit                (  1 clock ) 
 167               			STS   SRTIFR2            , R18                    ;set val                (  2 clocks) 
 168               	    _KER_TC2_OCF2A\@:                                                                          
 169               		    LDS   R18                , SRTIFR2                ;load TIFR2             (  2 clocks) 
 170               	        ANDI  R18                , 0x02                   ;check bit OCF2A        (  1 clock ) 
 171               	        BREQ  _KER_TC2_OCF2B\@                            ;bit cleared, jump next (  2 clocks) 
 172               			LDI   R18                , 0x02                   ;set bit                (  1 clock ) 
 173               			STS   SRTIFR2            , R18                    ;set val                (  2 clocks) 
 174               		_KER_TC2_OCF2B\@:                                                                          
 175               		    LDS   R18                , SRTIFR2                ;load TIFR2             (  2 clocks) 
 176               	        ANDI  R18                , 0x04                   ;check bit OCF2B        (  1 clock ) 
 177               	        BREQ  _KER_TC2_INTEN\@                            ;bit cleared, jump next (  2 clocks) 
 178               			LDI   R18                , 0x04                   ;set bit                (  1 clock ) 
 179               			STS   SRTIFR2            , R18                    ;set val                (  2 clocks) 
 180               	    _KER_TC2_INTEN\@:                                                                          
 181               			LDI   R18                , 0x01                   ;set TOIE2 bit          (  1 clock ) 
 182               			STS   SRTIMSK2           , R18                    ;set val to TIMSK2      (  2 clocks) 
 183               	.endm                                                                                          
 184               	;;=================================timer2 async init end====================================;; 
 185               	
 186               	
 187               	
 188               	
 189               	
 190               	;;=================================timer reload starting====================================;; 
 191               	;used registers          : R18                                                                 
 192               	;arg registers           : None                                                                
 193               	;return registers        : None                                                                
 194               	;unsafe access registers : R18                                                                 
 195               	.macro  KER_TIMER_RELOAD                                  ;0.5uS @8MHz            (  4 clocks) 
 196               	        LDS   R18                , KerLST                 ;fetch lowst sleep time (  2 clocks) 
 197               			STS   SRTCNT2            , R18                    ;set val                (  2 clocks) 
 198               	.endm                                                                                          
 199               	;;===================================timer reload end=======================================;; 
 200               	
 201               	
 202               	
 203               	
 204               	
 205               	;;====================================timer init starting===================================;; 
 206               	;used registers          : R18, R19                                                            
 207               	;arg registers           : None                                                                
 208               	;return registers        : None                                                                
 209               	;unsafe access registers : R18, R19                                                            
 210               	.macro  KER_TIMER_INIT                                    ;~9.13uS max @8MHz      (~73 clocks) 
 211               	        KER_TIMER2_DISABLE                                ;1.75uS @8MHz           ( 14 clocks) 
 212               			KER_TIMER2_ASYNC_INIT                             ;total 1.5uS @8MHz      (~73 clocks) 
 213               	.endm                                                                                          
 214               	;;======================================timer init end======================================;; 
 215               	
 216               	
 217               	
 218               	
 219               	
 220               	;;============================debug pin operation init starting=============================;; 
 221               	;used registers          : None                                                                
 222               	;arg registers           : None                                                                
 223               	;return registers        : None                                                                
 224               	;unsafe access registers : None                                                                
 225               	.macro  KER_DEBUG_PIN_INIT                                ;total 0.5uS @8MHz      (  4 clocks) 
 226               	        #ifdef KER_DBG_ENABLE                                                                  
 227               			CBI   KER_DBG_PORT       , KER_DBG_PIN            ;clear port bit         (  2 clocks) 
 228               			SBI   KER_DBG_DDR        , KER_DBG_PIN            ;set bit in DDR         (  2 clocks) 
 229               			#endif                                                                                 
 230               	.endm                                                                                          
 231               	;;==============================debug pin operation init end================================;; 
 232               	
 233               	
 234               	
 235               	
 236               	
 237               	;;===========================debug pin operation set starting===============================;; 
 238               	;used registers          : None                                                                
 239               	;arg registers           : None                                                                
 240               	;return registers        : None                                                                
 241               	;unsafe access registers : None                                                                
 242               	.macro  KER_DEBUG_PIN_SET                                 ;total 0.25uS @8MHz     (  2 clocks) 
 243               	        #ifdef KER_DBG_ENABLE                                                                  
 244               	        SBI   KER_DBG_PORT       , KER_DBG_PIN            ;set gpio               (  2 clocks) 
 245               			#endif                                                                                 
 246               	.endm                                                                                          
 247               	;;==============================debug pin operation set end=================================;; 
 248               	
 249               	
 250               	
 251               	
 252               	
 253               	;;===========================debug pin operation clear starting=============================;; 
 254               	;used registers          : None                                                                
 255               	;arg registers           : None                                                                
 256               	;return registers        : None                                                                
 257               	;unsafe access registers : None                                                                
 258               	.macro  KER_DEBUG_PIN_CLEAR                               ;total 0.25uS @8MHz     (  2 clocks) 
 259               	        #ifdef KER_DBG_ENABLE                                                                  
 260               			CBI   KER_DBG_PORT       , KER_DBG_PIN            ;clear gpio             (  2 clocks) 
 261               			#endif                                                                                 
 262               	.endm                                                                                          
 263               	;;==============================debug pin operation clear end===============================;; 
 264               	
 265               	
 266               	
 267               	
 268               	
 269               	
 270               	;;==================================context save starting===================================;; 
 271               	;used registers          : R0~R31                                                              
 272               	;arg registers           : None                                                                
 273               	;return registers        : None                                                                
 274               	;unsafe access registers : None                                                                
 275               	.macro  KER_CONTEXT_SAVE                                  ;total 7.88uS @8MHz     ( 83 clocks) 
 276               	        PUSH  R0                                          ;push R0                (  2 clocks) 
 277               			IN    R0                 , IOSREG                 ;save SREG              (  1 clock ) 
 278               			CLI                                               ;clear interrupt        (  1 clock ) 
 279               			PUSH  R0                                          ;save SREG              (  2 clocks) 
 280               			PUSH  R1                                          ;save R1                (  2 clocks) 
 281               			CLR   R1                                          ;clear R1               (  1 clock ) 
 282               			PUSH  R2                                          ;save R2                (  2 clocks) 
 283               			PUSH  R3                                          ;save R3                (  2 clocks) 
 284               			PUSH  R4                                          ;save R4                (  2 clocks) 
 285               			PUSH  R5                                          ;save R5                (  2 clocks) 
 286               			PUSH  R6                                          ;save R6                (  2 clocks) 
 287               			PUSH  R7                                          ;save R7                (  2 clocks) 
 288               			PUSH  R8                                          ;save R8                (  2 clocks) 
 289               			PUSH  R9                                          ;save R9                (  2 clocks) 
 290               			PUSH  R10                                         ;save R10               (  2 clocks) 
 291               			PUSH  R11                                         ;save R11               (  2 clocks) 
 292               			PUSH  R12                                         ;save R12               (  2 clocks) 
 293               			PUSH  R13                                         ;save R13               (  2 clocks) 
 294               			PUSH  R14                                         ;save R14               (  2 clocks) 
 295               			PUSH  R15                                         ;save R15               (  2 clocks) 
 296               			PUSH  R16                                         ;save R16               (  2 clocks) 
 297               			PUSH  R17                                         ;save R17               (  2 clocks) 
 298               			PUSH  R18                                         ;save R18               (  2 clocks) 
 299               			PUSH  R19                                         ;save R19               (  2 clocks) 
 300               			PUSH  R20                                         ;save R20               (  2 clocks) 
 301               			PUSH  R21                                         ;save R21               (  2 clocks) 
 302               			PUSH  R22                                         ;save R22               (  2 clocks) 
 303               			PUSH  R23                                         ;save R23               (  2 clocks) 
 304               			PUSH  R24                                         ;save R24               (  2 clocks) 
 305               			PUSH  R25                                         ;save R25               (  2 clocks) 
 306               			PUSH  R26                                         ;save R26               (  2 clocks) 
 307               			PUSH  R27                                         ;save R27               (  2 clocks) 
 308               			PUSH  R28                                         ;save R28               (  2 clocks) 
 309               			PUSH  R29                                         ;save R29               (  2 clocks) 
 310               			PUSH  R30                                         ;save R30               (  2 clocks) 
 311               			PUSH  R31                                         ;save R31               (  2 clocks) 
 312               			LDI   R30                , lo8(KerTSP)            ;fetch base pos low     (  1 clock ) 
 313               			LDI   R31                , hi8(KerTSP)            ;fetch base pos high    (  1 clock ) 
 314               			LDS   R18                , KerTID                 ;fetch task id          (  2 clocks) 
 315               			LSL   R18                                         ;left shift to multiply (  1 clock ) 
 316               			ADD   R30                , R18                    ;add offset to array    (  1 clock ) 
 317               			LDI   R18                , 0x00                   ;clear for carry prop   (  1 clock ) 
 318               			ADC   R31                , R18                    ;add carry if any       (  1 clock ) 
 319               			IN    R18                , IOSPL                  ;fetch SPL0             (  1 clock ) 
 320               			IN    R19                , IOSPH                  ;fetch SPH0             (  1 clock ) 
 321               			STD   Z+0                , R18                    ;store SPL at ZP+0      (  2 clocks) 
 322               			STD   Z+1                , R19                    ;store SPH at ZP+1      (  2 clocks) 
 323               	.endm                                                                                          
 324               	;;=====================================context save end=====================================;; 
 325               	
 326               	
 327               	
 328               	
 329               	
 330               	
 331               	;;=================================context restore starting=================================;; 
 332               	;used registers          : R0~R31                                                              
 333               	;arg registers           : None                                                                
 334               	;return registers        : None                                                                
 335               	;unsafe access registers : None                                                                
 336               	.macro  KER_CONTEXT_RESTORE                               ;total 8.38uS @8MHz     ( 81 clocks) 
 337               	        LDI   R30                , lo8(KerTSP)            ;fetch base pos low     (  1 clock ) 
 338               			LDI   R31                , hi8(KerTSP)            ;fetch base pos high    (  1 clock ) 
 339               			LDS   R18                , KerTID                 ;fetch task_id          (  2 clocks) 
 340               			LSL   R18                                         ;left shift to multiply (  1 clock ) 
 341               			ADD   R30                , R18                    ;add offset to array    (  1 clock ) 
 342               			LDI   R18                , 0x00                   ;clear for carry prop   (  1 clock ) 
 343               			ADC   R31                , R18                    ;add carry if any       (  1 clock ) 
 344               			LDD   R18                , Z+0                    ;load SPL at ZP         (  2 clocks) 
 345               			LDD   R19                , Z+1                    ;load SPH at ZP         (  2 clocks) 
 346               			OUT   IOSPL              , R18                    ;load SPL0              (  1 clock ) 
 347               			OUT   IOSPH              , R19                    ;load SPH0              (  1 clock ) 
 348               			POP   R31                                         ;restore R31            (  2 clocks) 
 349               			POP   R30                                         ;restore R30            (  2 clocks) 
 350               			POP   R29                                         ;restore R29            (  2 clocks) 
 351               			POP   R28                                         ;restore R28            (  2 clocks) 
 352               			POP   R27                                         ;restore R27            (  2 clocks) 
 353               			POP   R26                                         ;restore R26            (  2 clocks) 
 354               			POP   R25                                         ;restore R25            (  2 clocks) 
 355               			POP   R24                                         ;restore R24            (  2 clocks) 
 356               			POP   R23                                         ;restore R23            (  2 clocks) 
 357               			POP   R22                                         ;restore R22            (  2 clocks) 
 358               			POP   R21                                         ;restore R21            (  2 clocks) 
 359               			POP   R20                                         ;restore R20            (  2 clocks) 
 360               			POP   R19                                         ;restore R19            (  2 clocks) 
 361               			POP   R18                                         ;restore R18            (  2 clocks) 
 362               			POP   R17                                         ;restore R17            (  2 clocks) 
 363               			POP   R16                                         ;restore R16            (  2 clocks) 
 364               			POP   R15                                         ;restore R15            (  2 clocks) 
 365               			POP   R14                                         ;restore R14            (  2 clocks) 
 366               			POP   R13                                         ;restore R13            (  2 clocks) 
 367               			POP   R12                                         ;restore R12            (  2 clocks) 
 368               			POP   R11                                         ;restore R11            (  2 clocks) 
 369               			POP   R10                                         ;restore R10            (  2 clocks) 
 370               			POP   R9                                          ;restore R9             (  2 clocks) 
 371               			POP   R8                                          ;restore R8             (  2 clocks) 
 372               			POP   R7                                          ;restore R7             (  2 clocks) 
 373               			POP   R6                                          ;restore R6             (  2 clocks) 
 374               			POP   R5                                          ;restore R5             (  2 clocks) 
 375               			POP   R4                                          ;restore R4             (  2 clocks) 
 376               			POP   R3                                          ;restore R3             (  2 clocks) 
 377               			POP   R2                                          ;restore R2             (  2 clocks) 
 378               			POP   R1                                          ;restore R1             (  2 clocks) 
 379               			POP   R0                                          ;fetch SREG             (  2 clocks) 
 380               			OUT   IOSREG             , R0                     ;load SREG              (  1 clock ) 
 381               			POP   R0                                          ;restore R0             (  2 clocks) 
 382               	.endm                                                                                          
 383               	;;===================================context restore end====================================;; 
 384               	
 385               	
 386               	
 387               	
 388               	
 389               	;;===================================msp zp save starting===================================;; 
 390               	;used registers          : R18, R19, R30, R31                                                  
 391               	;arg registers           : None                                                                
 392               	;return registers        : None                                                                
 393               	;unsafe access registers : None                                                                
 394               	.macro  KER_MSP_ZP_SAVE                                   ;total 1.25uS @8MHz     ( 10 clocks) 
 395               	        IN    R18                , IOSPL                  ;load SPL               (  1 clock ) 
 396               			IN    R19                , IOSPH                  ;load SPH               (  1 clock ) 
 397               			STS   KerMSPZP+0         , R18                    ;store SPL              (  2 clocks) 
 398               			STS   KerMSPZP+1         , R19                    ;store SPH              (  2 clocks) 
 399               			STS   KerMSPZP+2         , R30                    ;store ZL               (  2 clocks) 
 400               			STS   KerMSPZP+3         , R31                    ;store ZH               (  2 clocks) 
 401               	.endm                                                                                          
 402               	;;======================================msp zp save end=====================================;; 
 403               	
 404               	
 405               	
 406               	
 407               	
 408               	;;==================================msp zp restore starting=================================;; 
 409               	;used registers          : R18, R19, R30, R31                                                  
 410               	;arg registers           : None                                                                
 411               	;return registers        : None                                                                
 412               	;unsafe access registers : None                                                                
 413               	.macro  KER_MSP_ZP_RESTORE                                ;total 1.25uS @8MHz     ( 10 clocks) 
 414               			LDS   R31                , KerMSPZP+3             ;fetch ZH               (  2 clocks) 
 415               			LDS   R30                , KerMSPZP+2             ;fetch ZL               (  2 clocks) 
 416               			LDS   R19                , KerMSPZP+1             ;fetch SPH              (  2 clocks) 
 417               			LDS   R18                , KerMSPZP+0             ;fetch SPL              (  2 clocks) 
 418               			OUT   IOSPL              , R18                    ;load SPL               (  1 clock ) 
 419               			OUT   IOSPH              , R19                    ;load SPH               (  1 clock ) 
 420               	.endm                                                                                          
 421               	;;====================================msp zp restore end====================================;; 
 422               	
 423               	
 424               	
 425               	
 426               	
 427               	;;=================================set reload val starting==================================;; 
 428               	;used registers          : R1~R31                                                              
 429               	;arg registers           : None                                                                
 430               	;return registers        : None                                                                
 431               	;unsafe access registers : None                                                                
 432               	.macro  KER_SET_RELOAD_VAL                                ;total 0.25uS @8MHz     (  2 clocks) 
 433               			STS   KerLST             , R24                    ;fetch lowst sleep time (  2 clocks) 
 434               	.endm                                                                                          
 435               	;;===================================set reload val end=====================================;; 
 436               	
 437               	
 438               	
 439               	
 440               	
 441               	;;=================================set reload val starting==================================;; 
 442               	;used registers          : R1~R31                                                              
 443               	;arg registers           : None                                                                
 444               	;return registers        : None                                                                
 445               	;unsafe access registers : None                                                                
 446               	.macro  KER_RUN_SCHEDULER                                 ;total 0.25uS @8MHz     (  2 clocks) 
 447               			LDI   R18                , 0x00                   ;start from tid 0       (  1 clock ) 
 448               			LDS   R19                , KerNTSK                ;load val               (  2 clocks) 
 449               			LDI   R20                , 0xFF                   ;local lowest time      (  1 clock ) 
 450               			LDS   R21                , KerLST                 ;load lowest time       (  2 clocks) 
 451               			LDI   R30                , lo8(KerSleep)          ;load sleep reg low     (  1 clock ) 
 452               			LDI   R31                , hi8(KerSleep)          ;load sleep reg high    (  1 clock ) 
 453               	    _KER_SCH_LOOP1\@:
 454               		    LD    R22                , Z                      ;load sleep val         (  2 clocks) 
 455               			TST   R22                                         ;check val              (  1 clock ) 
 456               			BREQ  _KER_SCH_SKIP1\@                            ;skip subtract          (  2 clocks) 
 457               			SUB   R22                , R21                    ;subtract LST           (  1 clock ) 
 458               			ST    Z+                 , R22                    ;store new val          (  2 clocks) 
 459               		_KER_SCH_SKIP1\@:
 460               		    CP    R22                , R20                    ;compare                (  1 clock ) 
 461               			BRSH  _KER_SCH_LCI1\@                             ;
 462               			MOV   R20                , R22                    ;copy lowest val        
 463               	    _KER_SCH_LCI1\@:                                      ;loop counter increment              
 464               			INC   R18                                         ;increment              (  1 clock ) 
 465               		    CP    R18                , R19                    ;compare with ntask     (  2 clocks) 
 466               			BRLO  _KER_SCH_LOOP1\@                            ;if task id<ntask       (  2 clocks) 
 467               	    _KER_SCH_EXIT1\@:
 468               		    STS   KerLST             , R20                    ;save LST               (  2 clocks) 
 469               	
 470               			LDI   R18                , 0x00                   ;start from tid 0       (  1 clock ) 
 471               			LDS   R19                , KerNTSK                ;load val               (  2 clocks) 
 472               			LDI   R20                , 0xFF                   ;local hi prio          (  1 clock ) 
 473               			LDS   R21                , KerLST                 ;load lowest time       (  2 clocks) 
 474               			LDI   R30                , lo8(KerSleep)          ;load sleep reg low     (  1 clock ) 
 475               			LDI   R31                , hi8(KerSleep)          ;load sleep reg high    (  1 clock ) 
 476               	    _KER_SCH_LOOP2\@:
 477               		    LD    R22                , Z                      ;load sleep val         (  2 clocks) 
 478               			TST   R22                                         ;check val              (  1 clock ) 
 479               			BREQ  _KER_SCH_SKIP2\@                            ;skip subtract          (  2 clocks) 
 480               			
 481               		_KER_SCH_SKIP2\@:
 482               		    CP    R22                , R20                    ;compare                (  1 clock ) 
 483               			BRSH  _KER_SCH_LCI2\@                             ;
 484               			MOV   R20                , R22                    ;copy lowest val        
 485               	    _KER_SCH_LCI2\@:                                      ;loop counter increment              
 486               			INC   R18                                         ;increment              (  1 clock ) 
 487               		    CP    R18                , R19                    ;compare with ntask     (  2 clocks) 
 488               			BRLO  _KER_SCH_LOOP2\@                            ;if task id<ntask       (  2 clocks) 
 489               	    _KER_SCH_EXIT2\@:
 490               		    STS   KerLST             , R20                    ;save LST               (  2 clocks) 
 491               	.endm                                                                                          
 492               	;;===================================set reload val end=====================================;; 
 493               	
 494               	
 495               	
 496               	
 497               	
 498               	;;===========================kernel disable analog domain starting==========================;; 
 499               	;used registers          : None                                                                
 500               	;arg registers           : None                                                                
 501               	;return registers        : None                                                                
 502               	;unsafe access registers : None                                                                
 503               	.macro KER_DISABLE_ANALOG_DOMAIN                          ;total 0.75uS @8MHz     ( 10 clocks) 
 504               	    #if defined(KER_IDLE_AS_SLEEP)
 505               			LDS   R18                , SRADCSRA               ;load ADCSRA            (  2 clocks) 
 506               			ANDI  R18                , 0x7F                   ;clear ADEN             (  1 clock ) 
 507               			STS   SRADCSRA           , R18                    ;set val                (  2 clocks) 
 508               			LDS   R18                , SRACSR                 ;load ACSR              (  2 clocks) 
 509               			ORI   R18                , 0x80                   ;set ACD                (  1 clock ) 
 510               			STS   SRACSR             , R18                    ;set val                (  2 clocks) 
 511               		#endif                                                                                     
 512               	.endm                                                                                          
 513               	;;=============================kernel disable analog domain end=============================;; 
 514               	
 515               	
 516               	
 517               	
 518               	
 519               	;;===============================kernel sleep config starting===============================;; 
 520               	;used registers          : R18                                                                 
 521               	;arg registers           : None                                                                
 522               	;return registers        : None                                                                
 523               	;unsafe access registers : R18                                                                 
 524               	.macro KER_SLEEP_INIT                                     ;total 0.63uS @8MHz     (  5 clocks) 
 525               	    #ifdef KER_IDLE_AS_SLEEP                                                                   
 526               			LDI   R18                , 0x06                   ;set SM[2:0] val        (  1 clock ) 
 527               			STS   SRSMCR             , R18                    ;set sleep control val  (  2 clocks) 
 528               		#endif                                                                                     
 529               	.endm                                                                                          
 530               	;;================================kernel sleep config end===================================;; 
 531               	
 532               	
 533               	
 534               	
 535               	
 536               	;;==============================kernel enter sleep mode starting============================;; 
 537               	;used registers          : None                                                                
 538               	;arg registers           : None                                                                
 539               	;return registers        : None                                                                
 540               	;unsafe access registers : None                                                                
 541               	.macro KER_ENTER_SLEEP                                    ;total 0.75uS @8MHz     (  6 clocks) 
 542               	    #ifdef KER_IDLE_AS_SLEEP                                                                   
 543               			LDS   R18                , SRSMCR                 ;load SMCR              (  2 clocks) 
 544               			ORI   R18                , 0x01                   ;set SE bit             (  1 clock ) 
 545               			STS   SRSMCR             , R18                    ;set val                (  2 clocks) 
 546               			SLEEP                                             ;sleep cpu              (  1 clock ) 
 547               		#endif                                                                                     
 548               	.endm                                                                                          
 549               	;;================================kernel enter sleep mode end===============================;; 
 550               	
 551               	
 552               	
 553               	
 554               	
 555               	;;===============================kernel exit sleep mode starting============================;; 
 556               	;used registers          : None                                                                
 557               	;arg registers           : None                                                                
 558               	;return registers        : None                                                                
 559               	;unsafe access registers : None                                                                
 560               	.macro KER_EXIT_SLEEP                                     ;total 0.63uS @8MHz     (  5 clocks) 
 561               	    #ifdef KER_IDLE_AS_SLEEP                                                                   
 562               	        LDS   R18                , SRSMCR                 ;load SMCR              (  2 clocks) 
 563               			ANDI  R18                , 0xFE                   ;clear SE bit           (  1 clock ) 
 564               			STS   SRSMCR             , R18                    ;set val                (  2 clocks) 
 565               		#endif                                                                                     
 566               	.endm                                                                                          
 567               	;;=================================kernel exit sleep mode end===============================;; 
 568               	
 569               	
 570               	
 571               	
 572               	
 573               	;;=================================ISR execution starting===================================;; 
 574               	.global  __vector_9                                                                            
 575               	    __vector_9:                                           ;total 40.00uS @8MHz    (344 clocks) 
 576:kernel.S      **** 	    KER_DEBUG_PIN_SET                                 ;debug pin set          (  2 clocks) 
 577:kernel.S      **** 		KER_CONTEXT_SAVE                                  ;save context           (          ) 
 578:kernel.S      **** 		KER_EXIT_SLEEP                                    ;exit sleep if enabled  (  5 clocks) 
 579:kernel.S      **** 		KER_RUN_SCHEDULER
 580:kernel.S      ****         KER_TIMER_RELOAD                                  ;reload timer           (  4 clocks) 
 581:kernel.S      **** 		KER_CONTEXT_RESTORE                               ;restore context        (          ) 
 582:kernel.S      **** 	    KER_DEBUG_PIN_CLEAR                               ;debug pin clear        (  2 clocks) 
 583:kernel.S      **** 		RETI                                              ;return from interrupt  (  4 clocks) 
 584               	;;====================================ISR execution end=====================================;; 
 585               	
 586               	
 587               	
 588               	
 589               	
 590               	;;================================SysTick reg init starting=================================;; 
 591               	;used registers          : R18, R19, R22, R24, R26(XL), R27(XH), R30(ZL), R31(ZH)              
 592               	;arg registers           : R24(Prescaler), R22(ReloadVal)                                      
 593               	;return registers        : None                                                                
 594               	;unsafe access registers : R18, R19, R22, R24, R26(XL), R27(XH), R30(ZL), R31(ZH)              
 595               	Kernel_Timer_Init:                                        ;total 11.50uS @8MHz    ( 92 clocks) 
 596:kernel.S      ****         CLI                                               ;disable global int     (  1 clock ) 
 597:kernel.S      **** 		KER_DEBUG_PIN_INIT                                ;debug pin init         (  4 clocks) 
 598:kernel.S      **** 		KER_TIMER_INIT                                    ;init timer             (          ) 
 599:kernel.S      **** 		LDI   R24                , 0x00                   ;set reload val         (  1 clock ) 
 600:kernel.S      **** 		KER_SET_RELOAD_VAL                                ;assign reload val      (  2 clocks) 
 601:kernel.S      **** 		RET                                               ;return from subroutine (  4 clocks) 
 602               	;;===================================SysTick reg init end===================================;; 
 603               	
 604               	
 605               	
 606               	
 607               	
 608               	;;===============================kernel task create starting================================;; 
 609               	;used registers          : R18, R19, R20, R22, R24, R25, R26(XL), R27(XH), R30(ZL), R31(ZH)    
 610               	;arg registers           : R25:R24(FuncPtr), R22(TaskPriority)                                 
 611               	;return registers        : None                                                                
 612               	;unsafe access registers : R18, R19, R20, R22, R24, R25, R26(XL), R27(XH), R30(ZL), R31(ZH)    
 613               	Kernel_Task_Create:                                       ;total 21.50uS @8MHz    (172 clocks) 
 614:kernel.S      ****         KER_MSP_ZP_SAVE                                   ;push MSP and ZP        ( 10 clocks) 
 615               			;set priority to KerPrio                                                               
 616:kernel.S      **** 		LDI   R30                , lo8(KerPrio)           ;load low byte          (  1 clock ) 
 617:kernel.S      **** 		LDI   R31                , hi8(KerPrio)           ;load high byte         (  1 clock ) 
 618:kernel.S      **** 		LDS   R18                , KerTID                 ;fetch task id          (  2 clocks) 
 619:kernel.S      **** 		ADD   R30                , R18                    ;add offset to array    (  1 clock ) 
 620:kernel.S      **** 		LDI   R18                , 0x00                   ;clear for carry prop   (  1 clock ) 
 621:kernel.S      **** 		ADC   R31                , R18                    ;add carry if any       (  1 clock ) 
 622:kernel.S      **** 		ST    Z                  , R22                    ;save priority          (  2 clocks) 
 623               			;set sleep time to 0 in KerSleep to make the task ready                                
 624:kernel.S      **** 		LDI   R30                , lo8(KerSleep)          ;load low byte          (  1 clock ) 
 625:kernel.S      **** 		LDI   R31                , hi8(KerSleep)          ;load high byte         (  1 clock ) 
 626:kernel.S      **** 		LDS   R18                , KerTID                 ;fetch task id          (  2 clocks) 
 627:kernel.S      **** 		ADD   R30                , R18                    ;add offset to array    (  1 clock ) 
 628:kernel.S      **** 		LDI   R18                , 0x00                   ;clear for carry prop   (  1 clock ) 
 629:kernel.S      **** 		ADC   R31                , R18                    ;add carry if any       (  1 clock ) 
 630:kernel.S      **** 		LDI   R18                , 0x00                   ;set sleep val to 0     (  1 clock ) 
 631:kernel.S      **** 		ST    Z                  , R18                    ;save status            (  2 clocks) 
 632               			;calculate stack top for current task (KerStack + KER_STK_SZ*(task id+1) - 1)          
 633:kernel.S      **** 		LDS   R18                , KerTID                 ;load task id           (  2 clocks) 
 634:kernel.S      **** 		INC   R18                                         ;increment task id      (  1 clock ) 
 635:kernel.S      **** 		LDI   R19                , KER_STK_SZ             ;load stack size        (  1 clock ) 
 636:kernel.S      **** 		MUL   R18                , R19                    ;multiply to get offset (  2 clocks) 
 637:kernel.S      **** 		MOV   R30                , R0                     ;load multiplied low    (  1 clocks) 
 638:kernel.S      **** 		MOV   R31                , R1                     ;load multiplied high   (  1 clocks) 
 639:kernel.S      **** 		CLR   R1                                          ;gcc expects cleared    (  1 clock ) 
 640:kernel.S      **** 		SBIW  R30                , 0x01                   ;dec multiplied val-1   (  2 clocks) 
 641:kernel.S      **** 		LDI   R18                , lo8(KerStack)          ;load base addr low     (  1 clock ) 
 642:kernel.S      **** 		LDI   R19                , hi8(KerStack)          ;load base addr high    (  1 clock ) 
 643:kernel.S      **** 		ADD   R30                , R18                    ;add low bytes          (  1 clock ) 
 644:kernel.S      **** 		ADC   R31                , R19                    ;add high bytes+carry   (  1 clock ) 
 645               			;set stack pointer                                                                     
 646:kernel.S      **** 		OUT   IOSPL              , R30                    ;load SPL               (  1 clock ) 
 647:kernel.S      ****         OUT   IOSPH              , R31                    ;load SPH               (  1 clock ) 
 648               			;function argument directly returns word address                                       
 649:kernel.S      **** 	    PUSH  R24                                         ;push word addr low     (  2 clocks) 
 650:kernel.S      **** 		PUSH  R25                                         ;push word addr high    (  2 clocks) 
 651               			;push context to stack of this task                                                    
 652:kernel.S      **** 		KER_CONTEXT_SAVE                                  ;save context           ( 68 clocks) 
 653               			;increment task_id                                                                     
 654:kernel.S      **** 		LDS   R18                , KerTID                 ;load task_id           (  2 clocks) 
 655:kernel.S      **** 		INC   R18                                         ;increment task_id      (  1 clock ) 
 656:kernel.S      **** 		STS   KerTID             , R18                    ;store task_id          (  2 clocks) 
 657               			;increment ntask                                                                       
 658:kernel.S      **** 		LDS   R18                , KerNTSK                ;load ntask             (  2 clocks) 
 659:kernel.S      **** 		INC   R18                                         ;increment ntask        (  1 clock ) 
 660:kernel.S      **** 		STS   KerNTSK            , R18                    ;store ntask            (  2 clocks) 
 661:kernel.S      **** 		KER_MSP_ZP_RESTORE                                ;pop MSP and ZP         ( 10 clocks) 
 662:kernel.S      **** 		RET                                               ;return from subroutine (  4 clocks) 
 663               	;;==================================kernel task create end==================================;; 
 664               	
 665               	
 666               	
 667               	
 668               	
 669               	;;=================================kernel idle task starting================================;; 
 670               	;used registers          : None                                                                
 671               	;arg registers           : None                                                                
 672               	;return registers        : None                                                                
 673               	;unsafe access registers : None                                                                
 674               	Kernel_Task_Idle:                                                                              
 675:kernel.S      **** 	    KER_SLEEP_INIT                                    ;sleep init             (  5 clocks) 
 676:kernel.S      **** 		LDI   R18                , 0x00                   ;load stack size        (  1 clock ) 
 677:kernel.S      **** 		STS   KerSleep           , R18                    ;set sleep to max       (  2 clocks) 
 678               	    _IDLE_LOOP:                                           ;forever loop                        
 679:kernel.S      **** 	    KER_DISABLE_ANALOG_DOMAIN                         ;disable adc, ac        ( 10 clocks) 
 680               			;#ifdef KER_CALL_FUNC_BEFORE_SLEEP                                                      
 681               			;CALL  Kernel_PreSleep_Hook                        ;call func before sleep (  8 clocks) 
 682               			;#endif                                                                                 
 683:kernel.S      **** 	    KER_ENTER_SLEEP                                   ;enter sleep mode       (  6 clocks) 
 684:kernel.S      **** 		JMP   _IDLE_LOOP                                  ;jump to loop start     (  2 clocks) 
 685               	;;==================================kernel idle task end====================================;; 
 686               	
 687               	
 688               	
 689               	
 690               	
 691               	;;===================================kernel init starting===================================;; 
 692               	;used registers          : R1, R18, R19, R22, R24, R25, R26(XL), R27(XH), R30(ZL), R31(ZH)     
 693               	;arg registers           : None                                                                
 694               	;return registers        : None                                                                
 695               	;unsafe access registers : R1, R18, R19, R22, R24, R25, R26(XL), R27(XH), R30(ZL), R31(ZH)     
 696               	Kernel_Init:                                              ;total 39.75uS @8MHz    (318 clocks) 
 697:kernel.S      **** 		CLR   R1                                          ;gcc expects            (  1 clock ) 
 698               			;create idle task at task did 0, priority 0xFF (lowest)                                
 699:kernel.S      **** 		LDI   R24                , lo8(Kernel_Task_Idle)  ;load func addr low     (  1 clock ) 
 700:kernel.S      **** 		LDI   R25                , hi8(Kernel_Task_Idle)  ;load func addr high    (  1 clock ) 
 701:kernel.S      **** 		LSR   R25                                         ;right shift to divide  (  1 clock ) 
 702:kernel.S      **** 		ROR   R24                                         ;rotate right th carry  (  1 clock ) 
 703:kernel.S      **** 		LDI   R22                , 0xFF                   ;set max val            (  1 clock ) 
 704:kernel.S      **** 		CALL  Kernel_Task_Create                          ;init idle task         (172 clocks) 
 705:kernel.S      **** 		RET                                               ;return from subroutine (  4 clocks) 
 706               	;;======================================kernel init end=====================================;; 
 707               	
 708               	
 709               	
 710               	
 711               	
 712               	;;=================================kernel start tasks starting==============================;; 
 713               	;used registers          : R0~R31                                                              
 714               	;arg registers           : None                                                                
 715               	;return registers        : None                                                                
 716               	;unsafe access registers : R18, R19, R20, R24, R25, R30(ZL), R31(ZH)                           
 717               	Kernel_Start_Tasks:                                       ;total 25.63uS @8MHz    (205 clocks) 
 718               			;KER_RUN_SCHEDULER                                 ;run scheduler          (106 clocks) 
 719               			;KER_CONTEXT_RESTORE_THREAD                        ;restore context        ( 68 clocks) 
 720:kernel.S      **** 		CALL  Kernel_Timer_Init                           ;init timer             ( 92 clocks) 
 721:kernel.S      **** 		LDI   R24                , 0x00                   ;set reload val         (  1 clock ) 
 722:kernel.S      **** 		KER_SET_RELOAD_VAL                                ;assign reload val      (          ) 
 723:kernel.S      **** 		SEI                                               ;enable interrupt       (          ) 
 724:kernel.S      **** 		RET                                               ;return from subroutine (  4 clocks) 
 725               	;;==================================kernel start tasks end==================================;; 
 726               	
 727               	
 728               	
 729               	
 730               	
 731               	;;================================kernel task sleep starting================================;; 
 732               	;used registers          : R0~R31                                                              
 733               	;arg registers           : R24(SleepTime)                                                      
 734               	;return registers        : None                                                                
 735               	;unsafe access registers : R18, R19, R20, R24, R25, R30(ZL), R31(ZH)                           
 736               	Kernel_Task_Sleep:                                        ;total 37.25uS @8MHz    (298 clocks) 
 737               	        ;save current context                                                                  
 738:kernel.S      ****         KER_CONTEXT_SAVE                                  ;save context           ( 69 clocks) 
 739               			;create next task wakeup time (arg R24)                                                
 740:kernel.S      **** 		LDI   R30                , lo8(KerSleep)          ;load low byte          (  1 clock ) 
 741:kernel.S      **** 		LDI   R31                , hi8(KerSleep)          ;load high byte         (  1 clock ) 
 742:kernel.S      **** 		LDS   R18                , KerTID                 ;fetch task id          (  2 clocks) 
 743:kernel.S      **** 		ADD   R30                , R18                    ;add offset to array    (  1 clock ) 
 744:kernel.S      **** 		LDI   R18                , 0x00                   ;clear for carry prop   (  1 clock ) 
 745:kernel.S      **** 		ADC   R31                , R18                    ;add carry if any       (  1 clock ) 
 746:kernel.S      **** 		STD   Z+0                , R24                    ;save sleep time low    (  2 clocks) 
 747               			;run scheduler, load next task sp, restore context                                     
 748               			;KER_RUN_SCHEDULER                                 ;run scheduler          (106 clocks) 
 749:kernel.S      **** 		KER_CONTEXT_RESTORE                               ;restore context        ( 68 clocks) 
 750:kernel.S      **** 		RET                                               ;return from subroutine (  4 clocks) 
 751               	;;=================================kernel task sleep end====================================;; 
 752               	
 753               	
 754               	
 755               	
 756               	
 757               	Kernel_Manual_Sleep:                                      ;total 37.25uS @8MHz    (298 clocks) 
 758:kernel.S      ****         LDI   R18                , 0xFF                   ;set top val            (  1 clock ) 
 759:kernel.S      **** 		SUB   R18                , R24                    ;subtract               (  1 clock ) 
 760:kernel.S      ****         STS   KerLST             , R18                    ;fetch lowst sleep time (  2 clocks)
 761:kernel.S      **** 		RET                                               ;return from subroutine (  4 clocks) 
DEFINED SYMBOLS
            kernel.S:17     *ABS*:00000000 KER_RLD
            kernel.S:18     *ABS*:00000080 KER_STK_SZ
            kernel.S:19     *ABS*:00000006 KER_MX_NTSK
            kernel.S:28     *ABS*:000000b6 SRASSR
            kernel.S:29     *ABS*:000000b4 SROCR2B
            kernel.S:30     *ABS*:000000b3 SROCR2A
            kernel.S:31     *ABS*:000000b2 SRTCNT2
            kernel.S:32     *ABS*:000000b1 SRTCCR2B
            kernel.S:33     *ABS*:000000b0 SRTCCR2A
            kernel.S:34     *ABS*:0000007a SRADCSRA
            kernel.S:35     *ABS*:00000070 SRTIMSK2
            kernel.S:36     *ABS*:00000061 SRCLKPR
            kernel.S:37     *ABS*:0000005f SRSREG
            kernel.S:38     *ABS*:0000005e SRSPH
            kernel.S:39     *ABS*:0000005d SRSPL
            kernel.S:40     *ABS*:00000055 SRMCUCR
            kernel.S:41     *ABS*:00000054 SRMCUSR
            kernel.S:42     *ABS*:00000053 SRSMCR
            kernel.S:43     *ABS*:00000050 SRACSR
            kernel.S:44     *ABS*:00000037 SRTIFR2
            kernel.S:46     *ABS*:0000003f IOSREG
            kernel.S:47     *ABS*:0000003e IOSPH
            kernel.S:48     *ABS*:0000003d IOSPL
            kernel.S:49     *ABS*:00000035 IOMCUCR
            kernel.S:50     *ABS*:00000034 IOMCUSR
            kernel.S:51     *ABS*:00000033 IOSMCR
            kernel.S:52     *ABS*:00000017 IOTIFR2
            kernel.S:63     .bss:00000000 KerMSPZP
            kernel.S:65     .bss:00000004 KerTID
            kernel.S:67     .bss:00000005 KerNTSK
            kernel.S:69     .bss:00000006 KerLST
            kernel.S:71     .bss:00000007 KerSleep
            kernel.S:73     .bss:0000000d KerPrio
            kernel.S:75     .bss:00000013 KerTSP
            kernel.S:77     .bss:0000001f KerStack
            kernel.S:595    .text:00000124 Kernel_Timer_Init
            kernel.S:696    .text:000002dc Kernel_Init
            kernel.S:757    .text:000003ca Kernel_Manual_Sleep
            kernel.S:613    .text:000001ca Kernel_Task_Create
            kernel.S:717    .text:000002ee Kernel_Start_Tasks
            kernel.S:575    .text:00000000 __vector_9
            kernel.S:579    .text:0000007c _KER_SCH_LOOP13
            kernel.S:579    .text:00000086 _KER_SCH_SKIP13
            kernel.S:579    .text:0000008c _KER_SCH_LCI13
            kernel.S:579    .text:00000092 _KER_SCH_EXIT13
            kernel.S:579    .text:000000a6 _KER_SCH_LOOP23
            kernel.S:579    .text:000000ac _KER_SCH_SKIP23
            kernel.S:579    .text:000000b2 _KER_SCH_LCI23
            kernel.S:579    .text:000000b8 _KER_SCH_EXIT23
            kernel.S:598    .text:0000016a _KER_TC2_AUB10
            kernel.S:598    .text:00000172 _KER_TC2_BUB10
            kernel.S:598    .text:0000017a _KER_OC2_AUB10
            kernel.S:598    .text:00000182 _KER_OC2_BUB10
            kernel.S:598    .text:0000018a _KER_TC2_UB10
            kernel.S:598    .text:00000192 _KER_TC2_TOV210
            kernel.S:598    .text:000001a0 _KER_TC2_OCF2A10
            kernel.S:598    .text:000001ae _KER_TC2_OCF2B10
            kernel.S:598    .text:000001bc _KER_TC2_INTEN10
            kernel.S:674    .text:000002ac Kernel_Task_Idle
            kernel.S:678    .text:000002b8 _IDLE_LOOP
            kernel.S:736    .text:000002fc Kernel_Task_Sleep

NO UNDEFINED SYMBOLS
