Archive member included because of file (symbol)

c:/winavr-20100110/bin/../lib/gcc/avr/4.3.3/avr5\libgcc.a(_exit.o)
                              c:/winavr-20100110/bin/../lib/gcc/avr/4.3.3/../../../../avr/lib/avr5/crtm328p.o (exit)

Memory Configuration

Name             Origin             Length             Attributes
text             0x00000000         0x00020000         xr
data             0x00800060         0x0000ffa0         rw !x
eeprom           0x00810000         0x00010000         rw !x
fuse             0x00820000         0x00000400         rw !x
lock             0x00830000         0x00000400         rw !x
signature        0x00840000         0x00000400         rw !x
*default*        0x00000000         0xffffffff

Linker script and memory map

Address of section .data set to 0x800100
LOAD c:/winavr-20100110/bin/../lib/gcc/avr/4.3.3/../../../../avr/lib/avr5/crtm328p.o
LOAD main.o
LOAD tasks.o
LOAD kernel.o
LOAD debug.o
LOAD c:/winavr-20100110/bin/../lib/gcc/avr/4.3.3/../../../../avr/lib/avr5\libm.a
LOAD c:/winavr-20100110/bin/../lib/gcc/avr/4.3.3/avr5\libgcc.a
LOAD c:/winavr-20100110/bin/../lib/gcc/avr/4.3.3/../../../../avr/lib/avr5\libc.a
LOAD c:/winavr-20100110/bin/../lib/gcc/avr/4.3.3/avr5\libgcc.a

.hash
 *(.hash)

.dynsym
 *(.dynsym)

.dynstr
 *(.dynstr)

.gnu.version
 *(.gnu.version)

.gnu.version_d
 *(.gnu.version_d)

.gnu.version_r
 *(.gnu.version_r)

.rel.init
 *(.rel.init)

.rela.init
 *(.rela.init)

.rel.text
 *(.rel.text)
 *(.rel.text.*)
 *(.rel.gnu.linkonce.t*)

.rela.text
 *(.rela.text)
 *(.rela.text.*)
 *(.rela.gnu.linkonce.t*)

.rel.fini
 *(.rel.fini)

.rela.fini
 *(.rela.fini)

.rel.rodata
 *(.rel.rodata)
 *(.rel.rodata.*)
 *(.rel.gnu.linkonce.r*)

.rela.rodata
 *(.rela.rodata)
 *(.rela.rodata.*)
 *(.rela.gnu.linkonce.r*)

.rel.data
 *(.rel.data)
 *(.rel.data.*)
 *(.rel.gnu.linkonce.d*)

.rela.data
 *(.rela.data)
 *(.rela.data.*)
 *(.rela.gnu.linkonce.d*)

.rel.ctors
 *(.rel.ctors)

.rela.ctors
 *(.rela.ctors)

.rel.dtors
 *(.rel.dtors)

.rela.dtors
 *(.rela.dtors)

.rel.got
 *(.rel.got)

.rela.got
 *(.rela.got)

.rel.bss
 *(.rel.bss)

.rela.bss
 *(.rela.bss)

.rel.plt
 *(.rel.plt)

.rela.plt
 *(.rela.plt)

.text           0x00000000      0xa9a
 *(.vectors)
 .vectors       0x00000000       0x68 c:/winavr-20100110/bin/../lib/gcc/avr/4.3.3/../../../../avr/lib/avr5/crtm328p.o
                0x00000000                __vectors
                0x00000000                __vector_default
 *(.vectors)
 *(.progmem.gcc*)
 *(.progmem*)
                0x00000068                . = ALIGN (0x2)
                0x00000068                __trampolines_start = .
 *(.trampolines)
 .trampolines   0x00000068        0x0 linker stubs
 *(.trampolines*)
                0x00000068                __trampolines_end = .
 *(.jumptables)
 *(.jumptables*)
 *(.lowtext)
 *(.lowtext*)
                0x00000068                __ctors_start = .
 *(.ctors)
                0x00000068                __ctors_end = .
                0x00000068                __dtors_start = .
 *(.dtors)
                0x00000068                __dtors_end = .
 SORT(*)(.ctors)
 SORT(*)(.dtors)
 *(.init0)
 .init0         0x00000068        0x0 c:/winavr-20100110/bin/../lib/gcc/avr/4.3.3/../../../../avr/lib/avr5/crtm328p.o
                0x00000068                __init
 *(.init0)
 *(.init1)
 *(.init1)
 *(.init2)
 .init2         0x00000068        0xc c:/winavr-20100110/bin/../lib/gcc/avr/4.3.3/../../../../avr/lib/avr5/crtm328p.o
 *(.init2)
 *(.init3)
 *(.init3)
 *(.init4)
 *(.init4)
 *(.init5)
 *(.init5)
 *(.init6)
 *(.init6)
 *(.init7)
 *(.init7)
 *(.init8)
 *(.init8)
 *(.init9)
 .init9         0x00000074        0x8 c:/winavr-20100110/bin/../lib/gcc/avr/4.3.3/../../../../avr/lib/avr5/crtm328p.o
 *(.init9)
 *(.text)
 .text          0x0000007c        0x4 c:/winavr-20100110/bin/../lib/gcc/avr/4.3.3/../../../../avr/lib/avr5/crtm328p.o
                0x0000007c                __vector_22
                0x0000007c                __vector_1
                0x0000007c                __vector_24
                0x0000007c                __vector_12
                0x0000007c                __bad_interrupt
                0x0000007c                __vector_6
                0x0000007c                __vector_3
                0x0000007c                __vector_23
                0x0000007c                __vector_25
                0x0000007c                __vector_11
                0x0000007c                __vector_13
                0x0000007c                __vector_17
                0x0000007c                __vector_19
                0x0000007c                __vector_7
                0x0000007c                __vector_5
                0x0000007c                __vector_4
                0x0000007c                __vector_2
                0x0000007c                __vector_21
                0x0000007c                __vector_15
                0x0000007c                __vector_8
                0x0000007c                __vector_14
                0x0000007c                __vector_10
                0x0000007c                __vector_16
                0x0000007c                __vector_18
                0x0000007c                __vector_20
 .text          0x00000080       0x36 main.o
                0x00000080                main
 .text          0x000000b6       0x78 tasks.o
                0x000000f2                Tasks_Task2
                0x000000b8                Tasks_Task4
                0x000000d8                Tasks_Task3
                0x000000c8                Tasks_Task5
                0x000000b6                Tasks_Disable_Peripherals
                0x0000010c                Tasks_Task1
 .text          0x0000012e      0x8ac kernel.o
                0x0000029c                Kernel_Tick_Init
                0x000007c6                Kernel_Task_Constant_Latency
                0x000009cc                Kernel_Abs_High_Prio_Task_ID_Get
                0x000009d8                Kernel_Tick_Val_Get
                0x0000063c                Kernel_Task_Sleep
                0x00000984                Kernel_Task_Sleep_Time_Get
                0x000009ae                Kernel_Task_Prio_Get
                0x00000968                Kernel_PreSleep_Hook
                0x000009be                Kernel_Lowest_Prio_Get
                0x000009d2                Kernel_CPU_Usage_Get
                0x000009a8                Kernel_NTask_Get
                0x0000060e                Kernel_Task_Idle
                0x0000096e                Kernel_Clock_Prescale
                0x0000042a                Kernel_Start_Tasks
                0x00000998                Kernel_Task_Status_Get
                0x000005b0                Kernel_Init
                0x0000012e                __vector_9
                0x0000033a                Kernel_Task_Create
                0x000007f2                Kernel_Task_Constant_Latency_Sleep
                0x000009c4                Kernel_High_Prio_Task_ID_Get
 .text          0x000009da       0xbc debug.o
                0x000009fa                Debug_Tx_Byte
                0x00000a38                Debug_Tx_Word_Conf
                0x00000a88                Debug_Tx_RAM_Area
                0x000009da                Debug_Init
                0x00000a48                Debug_Tx_DWord_Conf
                0x00000a70                Debug_Tx_From_RAM
                0x00000a0c                Debug_Tx_Word
                0x00000a1c                Debug_Tx_Byte_Conf
 .text          0x00000a96        0x0 c:/winavr-20100110/bin/../lib/gcc/avr/4.3.3/avr5\libgcc.a(_exit.o)
                0x00000a96                . = ALIGN (0x2)
 *(.text.*)
 .text.libgcc   0x00000a96        0x0 c:/winavr-20100110/bin/../lib/gcc/avr/4.3.3/avr5\libgcc.a(_exit.o)
                0x00000a96                . = ALIGN (0x2)
 *(.fini9)
 .fini9         0x00000a96        0x0 c:/winavr-20100110/bin/../lib/gcc/avr/4.3.3/avr5\libgcc.a(_exit.o)
                0x00000a96                exit
                0x00000a96                _exit
 *(.fini9)
 *(.fini8)
 *(.fini8)
 *(.fini7)
 *(.fini7)
 *(.fini6)
 *(.fini6)
 *(.fini5)
 *(.fini5)
 *(.fini4)
 *(.fini4)
 *(.fini3)
 *(.fini3)
 *(.fini2)
 *(.fini2)
 *(.fini1)
 *(.fini1)
 *(.fini0)
 .fini0         0x00000a96        0x4 c:/winavr-20100110/bin/../lib/gcc/avr/4.3.3/avr5\libgcc.a(_exit.o)
 *(.fini0)
                0x00000a9a                _etext = .

.data           0x00800100        0x0 load address 0x00000a9a
                0x00800100                PROVIDE (__data_start, .)
 *(.data)
 .data          0x00800100        0x0 c:/winavr-20100110/bin/../lib/gcc/avr/4.3.3/../../../../avr/lib/avr5/crtm328p.o
 .data          0x00800100        0x0 main.o
 .data          0x00800100        0x0 tasks.o
 .data          0x00800100        0x0 kernel.o
 .data          0x00800100        0x0 debug.o
 .data          0x00800100        0x0 c:/winavr-20100110/bin/../lib/gcc/avr/4.3.3/avr5\libgcc.a(_exit.o)
 *(.data*)
 *(.rodata)
 *(.rodata*)
 *(.gnu.linkonce.d*)
                0x00800100                . = ALIGN (0x2)
                0x00800100                _edata = .
                0x00800100                PROVIDE (__data_end, .)

.bss            0x00800100      0x33c
                0x00800100                PROVIDE (__bss_start, .)
 *(.bss)
 .bss           0x00800100        0x0 c:/winavr-20100110/bin/../lib/gcc/avr/4.3.3/../../../../avr/lib/avr5/crtm328p.o
 .bss           0x00800100        0x0 main.o
 .bss           0x00800100        0x0 tasks.o
 .bss           0x00800100      0x33c kernel.o
                0x0080013c                KerStack
                0x0080012a                KerSchSts
                0x0080011c                KerSSZ
                0x00800110                KerPSP
                0x00800100                KerBase
                0x00800136                KerSchSlp
                0x00800130                KerSchPr
 .bss           0x0080043c        0x0 debug.o
 .bss           0x0080043c        0x0 c:/winavr-20100110/bin/../lib/gcc/avr/4.3.3/avr5\libgcc.a(_exit.o)
 *(.bss*)
 *(COMMON)
                0x0080043c                PROVIDE (__bss_end, .)
                0x00000a9a                __data_load_start = LOADADDR (.data)
                0x00000a9a                __data_load_end = (__data_load_start + SIZEOF (.data))

.noinit         0x0080043c        0x0
                0x0080043c                PROVIDE (__noinit_start, .)
 *(.noinit*)
                0x0080043c                PROVIDE (__noinit_end, .)
                0x0080043c                _end = .
                0x0080043c                PROVIDE (__heap_start, .)

.eeprom         0x00810000        0x0
 *(.eeprom*)
                0x00810000                __eeprom_end = .

.fuse
 *(.fuse)
 *(.lfuse)
 *(.hfuse)
 *(.efuse)

.lock
 *(.lock*)

.signature
 *(.signature*)

.stab           0x00000000      0xcb4
 *(.stab)
 .stab          0x00000000      0x960 kernel.o
 .stab          0x00000960      0x354 debug.o
                                0x360 (size before relaxing)

.stabstr        0x00000000       0x6e
 *(.stabstr)
 .stabstr       0x00000000       0x6e kernel.o

.stab.excl
 *(.stab.excl)

.stab.exclstr
 *(.stab.exclstr)

.stab.index
 *(.stab.index)

.stab.indexstr
 *(.stab.indexstr)

.comment
 *(.comment)

.debug
 *(.debug)

.line
 *(.line)

.debug_srcinfo
 *(.debug_srcinfo)

.debug_sfnames
 *(.debug_sfnames)

.debug_aranges  0x00000000       0x40
 *(.debug_aranges)
 .debug_aranges
                0x00000000       0x20 main.o
 .debug_aranges
                0x00000020       0x20 tasks.o

.debug_pubnames
                0x00000000       0x9b
 *(.debug_pubnames)
 .debug_pubnames
                0x00000000       0x1b main.o
 .debug_pubnames
                0x0000001b       0x80 tasks.o

.debug_info     0x00000000      0x24f
 *(.debug_info)
 .debug_info    0x00000000       0x76 main.o
 .debug_info    0x00000076      0x1d9 tasks.o
 *(.gnu.linkonce.wi.*)

.debug_abbrev   0x00000000      0x109
 *(.debug_abbrev)
 .debug_abbrev  0x00000000       0x41 main.o
 .debug_abbrev  0x00000041       0xc8 tasks.o

.debug_line     0x00000000      0x29e
 *(.debug_line)
 .debug_line    0x00000000       0x88 main.o
 .debug_line    0x00000088      0x216 tasks.o

.debug_frame    0x00000000       0x90
 *(.debug_frame)
 .debug_frame   0x00000000       0x20 main.o
 .debug_frame   0x00000020       0x70 tasks.o

.debug_str      0x00000000      0x14d
 *(.debug_str)
 .debug_str     0x00000000       0x87 main.o
                                 0xbb (size before relaxing)
 .debug_str     0x00000087       0xc6 tasks.o
                                0x175 (size before relaxing)

.debug_loc      0x00000000       0x18
 *(.debug_loc)
 .debug_loc     0x00000000       0x18 tasks.o

.debug_macinfo
 *(.debug_macinfo)
OUTPUT(main.elf elf32-avr)
LOAD linker stubs

.debug_ranges   0x00000000       0x78
 .debug_ranges  0x00000000       0x78 tasks.o

Cross Reference Table

Symbol                                            File
Debug_Init                                        debug.o
Debug_Tx_Byte                                     debug.o
Debug_Tx_Byte_Conf                                debug.o
Debug_Tx_DWord_Conf                               debug.o
Debug_Tx_From_RAM                                 debug.o
Debug_Tx_RAM_Area                                 debug.o
Debug_Tx_Word                                     debug.o
Debug_Tx_Word_Conf                                debug.o
KerBase                                           kernel.o
KerPSP                                            kernel.o
KerSSZ                                            kernel.o
KerSchPr                                          kernel.o
KerSchSlp                                         kernel.o
KerSchSts                                         kernel.o
KerStack                                          kernel.o
Kernel_Abs_High_Prio_Task_ID_Get                  kernel.o
Kernel_CPU_Usage_Get                              kernel.o
Kernel_Clock_Prescale                             kernel.o
                                                  main.o
Kernel_High_Prio_Task_ID_Get                      kernel.o
Kernel_Init                                       kernel.o
                                                  main.o
Kernel_Lowest_Prio_Get                            kernel.o
Kernel_NTask_Get                                  kernel.o
Kernel_PreSleep_Hook                              kernel.o
                                                  main.o
Kernel_Start_Tasks                                kernel.o
                                                  main.o
Kernel_Task_Constant_Latency                      kernel.o
Kernel_Task_Constant_Latency_Sleep                kernel.o
Kernel_Task_Create                                kernel.o
                                                  main.o
Kernel_Task_Idle                                  kernel.o
Kernel_Task_Prio_Get                              kernel.o
Kernel_Task_Sleep                                 kernel.o
                                                  tasks.o
Kernel_Task_Sleep_Time_Get                        kernel.o
Kernel_Task_Status_Get                            kernel.o
Kernel_Tick_Init                                  kernel.o
Kernel_Tick_Val_Get                               kernel.o
Kernel_Tick_Val_Safely_Get                        kernel.o
Tasks_Disable_Peripherals                         tasks.o
                                                  main.o
Tasks_Task1                                       tasks.o
                                                  main.o
Tasks_Task2                                       tasks.o
                                                  main.o
Tasks_Task3                                       tasks.o
                                                  main.o
Tasks_Task4                                       tasks.o
Tasks_Task5                                       tasks.o
__bad_interrupt                                   c:/winavr-20100110/bin/../lib/gcc/avr/4.3.3/../../../../avr/lib/avr5/crtm328p.o
__heap_end                                        c:/winavr-20100110/bin/../lib/gcc/avr/4.3.3/../../../../avr/lib/avr5/crtm328p.o
__init                                            c:/winavr-20100110/bin/../lib/gcc/avr/4.3.3/../../../../avr/lib/avr5/crtm328p.o
__stack                                           c:/winavr-20100110/bin/../lib/gcc/avr/4.3.3/../../../../avr/lib/avr5/crtm328p.o
__vector_1                                        c:/winavr-20100110/bin/../lib/gcc/avr/4.3.3/../../../../avr/lib/avr5/crtm328p.o
__vector_10                                       c:/winavr-20100110/bin/../lib/gcc/avr/4.3.3/../../../../avr/lib/avr5/crtm328p.o
__vector_11                                       c:/winavr-20100110/bin/../lib/gcc/avr/4.3.3/../../../../avr/lib/avr5/crtm328p.o
__vector_12                                       c:/winavr-20100110/bin/../lib/gcc/avr/4.3.3/../../../../avr/lib/avr5/crtm328p.o
__vector_13                                       c:/winavr-20100110/bin/../lib/gcc/avr/4.3.3/../../../../avr/lib/avr5/crtm328p.o
__vector_14                                       c:/winavr-20100110/bin/../lib/gcc/avr/4.3.3/../../../../avr/lib/avr5/crtm328p.o
__vector_15                                       c:/winavr-20100110/bin/../lib/gcc/avr/4.3.3/../../../../avr/lib/avr5/crtm328p.o
__vector_16                                       c:/winavr-20100110/bin/../lib/gcc/avr/4.3.3/../../../../avr/lib/avr5/crtm328p.o
__vector_17                                       c:/winavr-20100110/bin/../lib/gcc/avr/4.3.3/../../../../avr/lib/avr5/crtm328p.o
__vector_18                                       c:/winavr-20100110/bin/../lib/gcc/avr/4.3.3/../../../../avr/lib/avr5/crtm328p.o
__vector_19                                       c:/winavr-20100110/bin/../lib/gcc/avr/4.3.3/../../../../avr/lib/avr5/crtm328p.o
__vector_2                                        c:/winavr-20100110/bin/../lib/gcc/avr/4.3.3/../../../../avr/lib/avr5/crtm328p.o
__vector_20                                       c:/winavr-20100110/bin/../lib/gcc/avr/4.3.3/../../../../avr/lib/avr5/crtm328p.o
__vector_21                                       c:/winavr-20100110/bin/../lib/gcc/avr/4.3.3/../../../../avr/lib/avr5/crtm328p.o
__vector_22                                       c:/winavr-20100110/bin/../lib/gcc/avr/4.3.3/../../../../avr/lib/avr5/crtm328p.o
__vector_23                                       c:/winavr-20100110/bin/../lib/gcc/avr/4.3.3/../../../../avr/lib/avr5/crtm328p.o
__vector_24                                       c:/winavr-20100110/bin/../lib/gcc/avr/4.3.3/../../../../avr/lib/avr5/crtm328p.o
__vector_25                                       c:/winavr-20100110/bin/../lib/gcc/avr/4.3.3/../../../../avr/lib/avr5/crtm328p.o
__vector_3                                        c:/winavr-20100110/bin/../lib/gcc/avr/4.3.3/../../../../avr/lib/avr5/crtm328p.o
__vector_4                                        c:/winavr-20100110/bin/../lib/gcc/avr/4.3.3/../../../../avr/lib/avr5/crtm328p.o
__vector_5                                        c:/winavr-20100110/bin/../lib/gcc/avr/4.3.3/../../../../avr/lib/avr5/crtm328p.o
__vector_6                                        c:/winavr-20100110/bin/../lib/gcc/avr/4.3.3/../../../../avr/lib/avr5/crtm328p.o
__vector_7                                        c:/winavr-20100110/bin/../lib/gcc/avr/4.3.3/../../../../avr/lib/avr5/crtm328p.o
__vector_8                                        c:/winavr-20100110/bin/../lib/gcc/avr/4.3.3/../../../../avr/lib/avr5/crtm328p.o
__vector_9                                        kernel.o
                                                  c:/winavr-20100110/bin/../lib/gcc/avr/4.3.3/../../../../avr/lib/avr5/crtm328p.o
__vector_default                                  c:/winavr-20100110/bin/../lib/gcc/avr/4.3.3/../../../../avr/lib/avr5/crtm328p.o
__vectors                                         c:/winavr-20100110/bin/../lib/gcc/avr/4.3.3/../../../../avr/lib/avr5/crtm328p.o
_exit                                             c:/winavr-20100110/bin/../lib/gcc/avr/4.3.3/avr5\libgcc.a(_exit.o)
exit                                              c:/winavr-20100110/bin/../lib/gcc/avr/4.3.3/avr5\libgcc.a(_exit.o)
                                                  c:/winavr-20100110/bin/../lib/gcc/avr/4.3.3/../../../../avr/lib/avr5/crtm328p.o
main                                              main.o
                                                  c:/winavr-20100110/bin/../lib/gcc/avr/4.3.3/../../../../avr/lib/avr5/crtm328p.o
