   1               		.file	"tasks.c"
   2               	__SREG__ = 0x3f
   3               	__SP_H__ = 0x3e
   4               	__SP_L__ = 0x3d
   5               	__CCP__  = 0x34
   6               	__tmp_reg__ = 0
   7               	__zero_reg__ = 1
  15               	.Ltext0:
  16               	.global	Tasks_Disable_Peripherals
  18               	Tasks_Disable_Peripherals:
  19               	.LFB6:
  20               	.LM1:
  21               	/* prologue: function */
  22               	/* frame size = 0 */
  23               	/* epilogue start */
  24               	.LM2:
  25 0000 0895      		ret
  26               	.LFE6:
  28               	.global	Tasks_Task5
  30               	Tasks_Task5:
  31               	.LFB11:
  32               	.LM3:
  33 0002 1F93      		push r17
  34               	/* prologue: function */
  35               	/* frame size = 0 */
  36               	.LM4:
  37 0004 3C9A      		sbi 39-32,4
  38               	.LM5:
  39 0006 10E1      		ldi r17,lo8(16)
  40               	.L4:
  41               	.LM6:
  42               	/* #APP */
  43               	 ;  88 "tasks.c" 1
  44 0008 F894      		cli
  45               	 ;  0 "" 2
  46               	.LM7:
  47               	/* #NOAPP */
  48 000a 88B1      		in r24,40-32
  49 000c 8127      		eor r24,r17
  50 000e 88B9      		out 40-32,r24
  51               	.LM8:
  52               	/* #APP */
  53               	 ;  90 "tasks.c" 1
  54 0010 7894      		sei
  55               	 ;  0 "" 2
  56               	.LM9:
  57               	/* #NOAPP */
  58 0012 86E4      		ldi r24,lo8(70)
  59 0014 90E0      		ldi r25,hi8(70)
  60 0016 0E94 0000 		call Kernel_Task_Sleep
  61 001a 00C0      		rjmp .L4
  62               	.LFE11:
  64               	.global	Tasks_Task4
  66               	Tasks_Task4:
  67               	.LFB10:
  68               	.LM10:
  69 001c 1F93      		push r17
  70               	/* prologue: function */
  71               	/* frame size = 0 */
  72               	.LM11:
  73 001e 3B9A      		sbi 39-32,3
  74               	.LM12:
  75 0020 18E0      		ldi r17,lo8(8)
  76               	.L7:
  77               	.LM13:
  78               	/* #APP */
  79               	 ;  72 "tasks.c" 1
  80 0022 F894      		cli
  81               	 ;  0 "" 2
  82               	.LM14:
  83               	/* #NOAPP */
  84 0024 88B1      		in r24,40-32
  85 0026 8127      		eor r24,r17
  86 0028 88B9      		out 40-32,r24
  87               	.LM15:
  88               	/* #APP */
  89               	 ;  74 "tasks.c" 1
  90 002a 7894      		sei
  91               	 ;  0 "" 2
  92               	.LM16:
  93               	/* #NOAPP */
  94 002c 8CE3      		ldi r24,lo8(60)
  95 002e 90E0      		ldi r25,hi8(60)
  96 0030 0E94 0000 		call Kernel_Task_Sleep
  97 0034 00C0      		rjmp .L7
  98               	.LFE10:
 100               	.global	Tasks_Task3
 102               	Tasks_Task3:
 103               	.LFB9:
 104               	.LM17:
 105 0036 1F93      		push r17
 106               	/* prologue: function */
 107               	/* frame size = 0 */
 108               	.LM18:
 109 0038 3A9A      		sbi 39-32,2
 110               	.LM19:
 111 003a 14E0      		ldi r17,lo8(4)
 112               	.L10:
 113               	.LM20:
 114               	/* #APP */
 115               	 ;  56 "tasks.c" 1
 116 003c F894      		cli
 117               	 ;  0 "" 2
 118               	.LM21:
 119               	/* #NOAPP */
 120 003e 88B1      		in r24,40-32
 121 0040 8127      		eor r24,r17
 122 0042 88B9      		out 40-32,r24
 123               	.LM22:
 124               	/* #APP */
 125               	 ;  58 "tasks.c" 1
 126 0044 7894      		sei
 127               	 ;  0 "" 2
 128               	.LM23:
 129               	/* #NOAPP */
 130 0046 88E2      		ldi r24,lo8(40)
 131 0048 90E0      		ldi r25,hi8(40)
 132 004a 0E94 0000 		call Kernel_Task_Sleep
 133 004e 00C0      		rjmp .L10
 134               	.LFE9:
 136               	.global	Tasks_Task2
 138               	Tasks_Task2:
 139               	.LFB8:
 140               	.LM24:
 141 0050 1F93      		push r17
 142               	/* prologue: function */
 143               	/* frame size = 0 */
 144               	.LM25:
 145 0052 399A      		sbi 39-32,1
 146               	.LM26:
 147 0054 12E0      		ldi r17,lo8(2)
 148               	.L13:
 149               	.LM27:
 150               	/* #APP */
 151               	 ;  40 "tasks.c" 1
 152 0056 F894      		cli
 153               	 ;  0 "" 2
 154               	.LM28:
 155               	/* #NOAPP */
 156 0058 88B1      		in r24,40-32
 157 005a 8127      		eor r24,r17
 158 005c 88B9      		out 40-32,r24
 159               	.LM29:
 160               	/* #APP */
 161               	 ;  42 "tasks.c" 1
 162 005e 7894      		sei
 163               	 ;  0 "" 2
 164               	.LM30:
 165               	/* #NOAPP */
 166 0060 84E1      		ldi r24,lo8(20)
 167 0062 90E0      		ldi r25,hi8(20)
 168 0064 0E94 0000 		call Kernel_Task_Sleep
 169 0068 00C0      		rjmp .L13
 170               	.LFE8:
 172               	.global	Tasks_Task1
 174               	Tasks_Task1:
 175               	.LFB7:
 176               	.LM31:
 177 006a 1F93      		push r17
 178               	/* prologue: function */
 179               	/* frame size = 0 */
 180               	.LM32:
 181 006c 389A      		sbi 39-32,0
 182               	.LM33:
 183 006e 11E0      		ldi r17,lo8(1)
 184               	.L16:
 185               	.LM34:
 186               	/* #APP */
 187               	 ;  24 "tasks.c" 1
 188 0070 F894      		cli
 189               	 ;  0 "" 2
 190               	.LM35:
 191               	/* #NOAPP */
 192 0072 88B1      		in r24,40-32
 193 0074 8127      		eor r24,r17
 194 0076 88B9      		out 40-32,r24
 195               	.LM36:
 196               	/* #APP */
 197               	 ;  26 "tasks.c" 1
 198 0078 7894      		sei
 199               	 ;  0 "" 2
 200               	.LM37:
 201               	/* #NOAPP */
 202 007a 82E3      		ldi r24,lo8(50)
 203 007c 90E0      		ldi r25,hi8(50)
 204 007e 0E94 0000 		call Kernel_Task_Sleep
 205 0082 00C0      		rjmp .L16
 206               	.LFE7:
 272               	.Letext0:
DEFINED SYMBOLS
                            *ABS*:00000000 tasks.c
C:\Users\WALTON\AppData\Local\Temp/ccCeCOBc.s:2      *ABS*:0000003f __SREG__
C:\Users\WALTON\AppData\Local\Temp/ccCeCOBc.s:3      *ABS*:0000003e __SP_H__
C:\Users\WALTON\AppData\Local\Temp/ccCeCOBc.s:4      *ABS*:0000003d __SP_L__
C:\Users\WALTON\AppData\Local\Temp/ccCeCOBc.s:5      *ABS*:00000034 __CCP__
C:\Users\WALTON\AppData\Local\Temp/ccCeCOBc.s:6      *ABS*:00000000 __tmp_reg__
C:\Users\WALTON\AppData\Local\Temp/ccCeCOBc.s:7      *ABS*:00000001 __zero_reg__
C:\Users\WALTON\AppData\Local\Temp/ccCeCOBc.s:18     .text:00000000 Tasks_Disable_Peripherals
C:\Users\WALTON\AppData\Local\Temp/ccCeCOBc.s:30     .text:00000002 Tasks_Task5
C:\Users\WALTON\AppData\Local\Temp/ccCeCOBc.s:66     .text:0000001c Tasks_Task4
C:\Users\WALTON\AppData\Local\Temp/ccCeCOBc.s:102    .text:00000036 Tasks_Task3
C:\Users\WALTON\AppData\Local\Temp/ccCeCOBc.s:138    .text:00000050 Tasks_Task2
C:\Users\WALTON\AppData\Local\Temp/ccCeCOBc.s:174    .text:0000006a Tasks_Task1

UNDEFINED SYMBOLS
Kernel_Task_Sleep
