   1               		.file	"tasks.c"
   2               	__SREG__ = 0x3f
   3               	__SP_H__ = 0x3e
   4               	__SP_L__ = 0x3d
   5               	__CCP__  = 0x34
   6               	__tmp_reg__ = 0
   7               	__zero_reg__ = 1
  15               	.Ltext0:
  16               	.global	Tasks_Disable_Peripherals
  18               	Tasks_Disable_Peripherals:
  19               	.LFB6:
  20               	.LM1:
  21               	/* prologue: function */
  22               	/* frame size = 0 */
  23               	/* epilogue start */
  24               	.LM2:
  25 0000 0895      		ret
  26               	.LFE6:
  28               	.global	Tasks_Task1
  30               	Tasks_Task1:
  31               	.LFB7:
  32               	.LM3:
  33               	/* prologue: function */
  34               	/* frame size = 0 */
  35               	.LM4:
  36 0002 399A      		sbi 39-32,1
  37               	.LM5:
  38 0004 92E0      		ldi r25,lo8(2)
  39               	.L4:
  40               	.LM6:
  41               	/* #APP */
  42               	 ;  30 "tasks.c" 1
  43 0006 F894      		cli
  44               	 ;  0 "" 2
  45               	.LM7:
  46               	/* #NOAPP */
  47 0008 88B1      		in r24,40-32
  48 000a 8927      		eor r24,r25
  49 000c 88B9      		out 40-32,r24
  50               	.LM8:
  51               	/* #APP */
  52               	 ;  32 "tasks.c" 1
  53 000e 7894      		sei
  54               	 ;  0 "" 2
  55               	/* #NOAPP */
  56 0010 00C0      		rjmp .L4
  57               	.LFE7:
  59               	.global	Tasks_Task2
  61               	Tasks_Task2:
  62               	.LFB8:
  63               	.LM9:
  64               	/* prologue: function */
  65               	/* frame size = 0 */
  66               	.LM10:
  67 0012 3A9A      		sbi 39-32,2
  68               	.LM11:
  69 0014 94E0      		ldi r25,lo8(4)
  70               	.L7:
  71               	.LM12:
  72               	/* #APP */
  73               	 ;  46 "tasks.c" 1
  74 0016 F894      		cli
  75               	 ;  0 "" 2
  76               	.LM13:
  77               	/* #NOAPP */
  78 0018 88B1      		in r24,40-32
  79 001a 8927      		eor r24,r25
  80 001c 88B9      		out 40-32,r24
  81               	.LM14:
  82               	/* #APP */
  83               	 ;  48 "tasks.c" 1
  84 001e 7894      		sei
  85               	 ;  0 "" 2
  86               	/* #NOAPP */
  87 0020 00C0      		rjmp .L7
  88               	.LFE8:
  90               	.global	Tasks_Task3
  92               	Tasks_Task3:
  93               	.LFB9:
  94               	.LM15:
  95               	/* prologue: function */
  96               	/* frame size = 0 */
  97               	.LM16:
  98 0022 3B9A      		sbi 39-32,3
  99               	.LM17:
 100 0024 98E0      		ldi r25,lo8(8)
 101               	.L10:
 102               	.LM18:
 103               	/* #APP */
 104               	 ;  62 "tasks.c" 1
 105 0026 F894      		cli
 106               	 ;  0 "" 2
 107               	.LM19:
 108               	/* #NOAPP */
 109 0028 88B1      		in r24,40-32
 110 002a 8927      		eor r24,r25
 111 002c 88B9      		out 40-32,r24
 112               	.LM20:
 113               	/* #APP */
 114               	 ;  64 "tasks.c" 1
 115 002e 7894      		sei
 116               	 ;  0 "" 2
 117               	/* #NOAPP */
 118 0030 00C0      		rjmp .L10
 119               	.LFE9:
 121               	.global	Tasks_Task4
 123               	Tasks_Task4:
 124               	.LFB10:
 125               	.LM21:
 126               	/* prologue: function */
 127               	/* frame size = 0 */
 128               	.LM22:
 129 0032 3B9A      		sbi 39-32,3
 130               	.LM23:
 131 0034 98E0      		ldi r25,lo8(8)
 132               	.L13:
 133               	.LM24:
 134               	/* #APP */
 135               	 ;  78 "tasks.c" 1
 136 0036 F894      		cli
 137               	 ;  0 "" 2
 138               	.LM25:
 139               	/* #NOAPP */
 140 0038 88B1      		in r24,40-32
 141 003a 8927      		eor r24,r25
 142 003c 88B9      		out 40-32,r24
 143               	.LM26:
 144               	/* #APP */
 145               	 ;  80 "tasks.c" 1
 146 003e 7894      		sei
 147               	 ;  0 "" 2
 148               	/* #NOAPP */
 149 0040 00C0      		rjmp .L13
 150               	.LFE10:
 152               	.global	Tasks_Task5
 154               	Tasks_Task5:
 155               	.LFB11:
 156               	.LM27:
 157 0042 1F93      		push r17
 158               	/* prologue: function */
 159               	/* frame size = 0 */
 160               	.LBB2:
 161               	.LM28:
 162 0044 1091 0000 		lds r17,ntask
 163               	.LM29:
 164 0048 7091 0000 		lds r23,lst
 165 004c A0E0      		ldi r26,lo8(sleep)
 166 004e B0E0      		ldi r27,hi8(sleep)
 167 0050 6FEF      		ldi r22,lo8(-1)
 168 0052 50E0      		ldi r21,lo8(0)
 169               	.LVL0:
 170 0054 9FEF      		ldi r25,lo8(-1)
 171 0056 20E0      		ldi r18,lo8(0)
 172 0058 30E0      		ldi r19,hi8(0)
 173 005a 00C0      		rjmp .L16
 174               	.LVL1:
 175               	.L21:
 176               	.LM30:
 177 005c 8C91      		ld r24,X
 178 005e 8823      		tst r24
 179 0060 01F0      		breq .L17
 180               	.LM31:
 181 0062 871B      		sub r24,r23
 182 0064 8C93      		st X,r24
 183               	.L17:
 184               	.LM32:
 185 0066 8C91      		ld r24,X
 186 0068 8617      		cp r24,r22
 187 006a 00F4      		brsh .L18
 188 006c 682F      		mov r22,r24
 189               	.L18:
 190               	.LM33:
 191 006e 8823      		tst r24
 192 0070 01F4      		brne .L19
 193 0072 F901      		movw r30,r18
 194               	.LVL2:
 195 0074 E050      		subi r30,lo8(-(prio))
 196 0076 F040      		sbci r31,hi8(-(prio))
 197 0078 E081      		ld r30,Z
 198 007a E917      		cp r30,r25
 199 007c 00F0      		brlo .L20
 200               	.LVL3:
 201               	.L19:
 202 007e 452F      		mov r20,r21
 203 0080 E92F      		mov r30,r25
 204               	.L20:
 205 0082 2F5F      		subi r18,lo8(-(1))
 206 0084 3F4F      		sbci r19,hi8(-(1))
 207 0086 1196      		adiw r26,1
 208 0088 542F      		mov r21,r20
 209 008a 9E2F      		mov r25,r30
 210               	.LVL4:
 211               	.L16:
 212 008c 422F      		mov r20,r18
 213               	.LVL5:
 214               	.LM34:
 215 008e 2117      		cp r18,r17
 216 0090 00F0      		brlo .L21
 217               	.LVL6:
 218 0092 6093 0000 		sts loslp,r22
 219 0096 5093 0000 		sts hiprtid,r21
 220 009a 9093 0000 		sts hiprio,r25
 221               	.LVL7:
 222               	.L22:
 223 009e 00C0      		rjmp .L22
 224               	.LBE2:
 225               	.LFE11:
 227               	.global	lst
 228               		.data
 231               	lst:
 232 0000 05        		.byte	5
 233               	.global	ntask
 236               	ntask:
 237 0001 05        		.byte	5
 238               		.comm hiprtid,1,1
 239               		.comm prio,5,1
 240               		.comm hiprio,1,1
 241               		.comm sleep,5,1
 242               		.comm loslp,1,1
 307               	.Letext0:
DEFINED SYMBOLS
                            *ABS*:00000000 tasks.c
C:\Users\WALTON\AppData\Local\Temp/cceZtUUl.s:2      *ABS*:0000003f __SREG__
C:\Users\WALTON\AppData\Local\Temp/cceZtUUl.s:3      *ABS*:0000003e __SP_H__
C:\Users\WALTON\AppData\Local\Temp/cceZtUUl.s:4      *ABS*:0000003d __SP_L__
C:\Users\WALTON\AppData\Local\Temp/cceZtUUl.s:5      *ABS*:00000034 __CCP__
C:\Users\WALTON\AppData\Local\Temp/cceZtUUl.s:6      *ABS*:00000000 __tmp_reg__
C:\Users\WALTON\AppData\Local\Temp/cceZtUUl.s:7      *ABS*:00000001 __zero_reg__
C:\Users\WALTON\AppData\Local\Temp/cceZtUUl.s:18     .text:00000000 Tasks_Disable_Peripherals
C:\Users\WALTON\AppData\Local\Temp/cceZtUUl.s:30     .text:00000002 Tasks_Task1
C:\Users\WALTON\AppData\Local\Temp/cceZtUUl.s:61     .text:00000012 Tasks_Task2
C:\Users\WALTON\AppData\Local\Temp/cceZtUUl.s:92     .text:00000022 Tasks_Task3
C:\Users\WALTON\AppData\Local\Temp/cceZtUUl.s:123    .text:00000032 Tasks_Task4
C:\Users\WALTON\AppData\Local\Temp/cceZtUUl.s:154    .text:00000042 Tasks_Task5
C:\Users\WALTON\AppData\Local\Temp/cceZtUUl.s:236    .data:00000001 ntask
C:\Users\WALTON\AppData\Local\Temp/cceZtUUl.s:231    .data:00000000 lst
                            *COM*:00000005 sleep
                            *COM*:00000005 prio
                            *COM*:00000001 loslp
                            *COM*:00000001 hiprtid
                            *COM*:00000001 hiprio

UNDEFINED SYMBOLS
__do_copy_data
__do_clear_bss
