   1               		.file	"tasks.c"
   2               	__SREG__ = 0x3f
   3               	__SP_H__ = 0x3e
   4               	__SP_L__ = 0x3d
   5               	__CCP__  = 0x34
   6               	__tmp_reg__ = 0
   7               	__zero_reg__ = 1
  15               	.Ltext0:
  16               	.global	Tasks_Disable_Peripherals
  18               	Tasks_Disable_Peripherals:
  19               	.LFB6:
  20               	.LM1:
  21               	/* prologue: function */
  22               	/* frame size = 0 */
  23               	/* epilogue start */
  24               	.LM2:
  25 0000 0895      		ret
  26               	.LFE6:
  28               	.global	Tasks_Task4
  30               	Tasks_Task4:
  31               	.LFB10:
  32               	.LM3:
  33               	/* prologue: function */
  34               	/* frame size = 0 */
  35               	.LM4:
  36 0002 3B9A      		sbi 39-32,3
  37               	.LM5:
  38 0004 98E0      		ldi r25,lo8(8)
  39               	.L4:
  40               	.LM6:
  41               	/* #APP */
  42               	 ;  81 "tasks.c" 1
  43 0006 F894      		cli
  44               	 ;  0 "" 2
  45               	.LM7:
  46               	/* #NOAPP */
  47 0008 88B1      		in r24,40-32
  48 000a 8927      		eor r24,r25
  49 000c 88B9      		out 40-32,r24
  50               	.LM8:
  51               	/* #APP */
  52               	 ;  83 "tasks.c" 1
  53 000e 7894      		sei
  54               	 ;  0 "" 2
  55               	/* #NOAPP */
  56 0010 00C0      		rjmp .L4
  57               	.LFE10:
  59               	.global	Tasks_Task5
  61               	Tasks_Task5:
  62               	.LFB11:
  63               	.LM9:
  64 0012 1F93      		push r17
  65               	/* prologue: function */
  66               	/* frame size = 0 */
  67               	.LBB2:
  68               	.LM10:
  69 0014 1091 0000 		lds r17,ntask
  70               	.LM11:
  71 0018 7091 0000 		lds r23,lst
  72 001c A0E0      		ldi r26,lo8(sleep)
  73 001e B0E0      		ldi r27,hi8(sleep)
  74 0020 5FEF      		ldi r21,lo8(-1)
  75 0022 60E0      		ldi r22,lo8(0)
  76               	.LVL0:
  77 0024 9FEF      		ldi r25,lo8(-1)
  78 0026 20E0      		ldi r18,lo8(0)
  79 0028 30E0      		ldi r19,hi8(0)
  80 002a 00C0      		rjmp .L7
  81               	.LVL1:
  82               	.L12:
  83               	.LM12:
  84 002c 8C91      		ld r24,X
  85 002e 8823      		tst r24
  86 0030 01F0      		breq .L8
  87               	.LM13:
  88 0032 871B      		sub r24,r23
  89 0034 8C93      		st X,r24
  90               	.L8:
  91               	.LM14:
  92 0036 8C91      		ld r24,X
  93 0038 8517      		cp r24,r21
  94 003a 00F4      		brsh .L9
  95 003c 582F      		mov r21,r24
  96               	.L9:
  97               	.LM15:
  98 003e 8823      		tst r24
  99 0040 01F4      		brne .L10
 100 0042 F901      		movw r30,r18
 101               	.LVL2:
 102 0044 E050      		subi r30,lo8(-(prio))
 103 0046 F040      		sbci r31,hi8(-(prio))
 104 0048 E081      		ld r30,Z
 105 004a E917      		cp r30,r25
 106 004c 00F0      		brlo .L11
 107               	.LVL3:
 108               	.L10:
 109 004e 462F      		mov r20,r22
 110 0050 E92F      		mov r30,r25
 111               	.L11:
 112 0052 2F5F      		subi r18,lo8(-(1))
 113 0054 3F4F      		sbci r19,hi8(-(1))
 114 0056 1196      		adiw r26,1
 115 0058 642F      		mov r22,r20
 116 005a 9E2F      		mov r25,r30
 117               	.LVL4:
 118               	.L7:
 119 005c 422F      		mov r20,r18
 120               	.LVL5:
 121               	.LM16:
 122 005e 2117      		cp r18,r17
 123 0060 00F0      		brlo .L12
 124               	.LVL6:
 125 0062 5093 0000 		sts loslp,r21
 126 0066 6093 0000 		sts hiprtid,r22
 127 006a 9093 0000 		sts hiprio,r25
 128               	.LBE2:
 129               	.LM17:
 130 006e 5093 0000 		sts lst,r21
 131               	.LVL7:
 132               	.L13:
 133 0072 00C0      		rjmp .L13
 134               	.LFE11:
 136               	.global	Tasks_Task3
 138               	Tasks_Task3:
 139               	.LFB9:
 140               	.LM18:
 141 0074 1F93      		push r17
 142               	/* prologue: function */
 143               	/* frame size = 0 */
 144               	.LM19:
 145 0076 3B9A      		sbi 39-32,3
 146               	.LM20:
 147 0078 18E0      		ldi r17,lo8(8)
 148               	.L16:
 149               	.LM21:
 150               	/* #APP */
 151               	 ;  65 "tasks.c" 1
 152 007a F894      		cli
 153               	 ;  0 "" 2
 154               	.LM22:
 155               	/* #NOAPP */
 156 007c 88B1      		in r24,40-32
 157 007e 8127      		eor r24,r17
 158 0080 88B9      		out 40-32,r24
 159               	.LM23:
 160               	/* #APP */
 161               	 ;  67 "tasks.c" 1
 162 0082 7894      		sei
 163               	 ;  0 "" 2
 164               	.LM24:
 165               	/* #NOAPP */
 166 0084 8DE8      		ldi r24,lo8(-115)
 167 0086 0E94 0000 		call Kernel_Task_Sleep
 168 008a 00C0      		rjmp .L16
 169               	.LFE9:
 171               	.global	Tasks_Task2
 173               	Tasks_Task2:
 174               	.LFB8:
 175               	.LM25:
 176 008c 1F93      		push r17
 177               	/* prologue: function */
 178               	/* frame size = 0 */
 179               	.LM26:
 180 008e 3A9A      		sbi 39-32,2
 181               	.LM27:
 182 0090 14E0      		ldi r17,lo8(4)
 183               	.L19:
 184               	.LM28:
 185               	/* #APP */
 186               	 ;  48 "tasks.c" 1
 187 0092 F894      		cli
 188               	 ;  0 "" 2
 189               	.LM29:
 190               	/* #NOAPP */
 191 0094 88B1      		in r24,40-32
 192 0096 8127      		eor r24,r17
 193 0098 88B9      		out 40-32,r24
 194               	.LM30:
 195               	/* #APP */
 196               	 ;  50 "tasks.c" 1
 197 009a 7894      		sei
 198               	 ;  0 "" 2
 199               	.LM31:
 200               	/* #NOAPP */
 201 009c 87E7      		ldi r24,lo8(119)
 202 009e 0E94 0000 		call Kernel_Task_Sleep
 203 00a2 00C0      		rjmp .L19
 204               	.LFE8:
 206               	.global	Tasks_Task1
 208               	Tasks_Task1:
 209               	.LFB7:
 210               	.LM32:
 211 00a4 1F93      		push r17
 212               	/* prologue: function */
 213               	/* frame size = 0 */
 214               	.LM33:
 215 00a6 399A      		sbi 39-32,1
 216               	.LM34:
 217 00a8 12E0      		ldi r17,lo8(2)
 218               	.L22:
 219               	.LM35:
 220               	/* #APP */
 221               	 ;  31 "tasks.c" 1
 222 00aa F894      		cli
 223               	 ;  0 "" 2
 224               	.LM36:
 225               	/* #NOAPP */
 226 00ac 88B1      		in r24,40-32
 227 00ae 8127      		eor r24,r17
 228 00b0 88B9      		out 40-32,r24
 229               	.LM37:
 230               	/* #APP */
 231               	 ;  33 "tasks.c" 1
 232 00b2 7894      		sei
 233               	 ;  0 "" 2
 234               	.LM38:
 235               	/* #NOAPP */
 236 00b4 8DE0      		ldi r24,lo8(13)
 237 00b6 0E94 0000 		call Kernel_Task_Sleep
 238 00ba 00C0      		rjmp .L22
 239               	.LFE7:
 241               	.global	lst
 242               		.data
 245               	lst:
 246 0000 05        		.byte	5
 247               	.global	ntask
 250               	ntask:
 251 0001 05        		.byte	5
 252               		.comm hiprtid,1,1
 253               		.comm prio,5,1
 254               		.comm hiprio,1,1
 255               		.comm sleep,5,1
 256               		.comm loslp,1,1
 321               	.Letext0:
DEFINED SYMBOLS
                            *ABS*:00000000 tasks.c
C:\Users\WALTON\AppData\Local\Temp/ccEjQDdI.s:2      *ABS*:0000003f __SREG__
C:\Users\WALTON\AppData\Local\Temp/ccEjQDdI.s:3      *ABS*:0000003e __SP_H__
C:\Users\WALTON\AppData\Local\Temp/ccEjQDdI.s:4      *ABS*:0000003d __SP_L__
C:\Users\WALTON\AppData\Local\Temp/ccEjQDdI.s:5      *ABS*:00000034 __CCP__
C:\Users\WALTON\AppData\Local\Temp/ccEjQDdI.s:6      *ABS*:00000000 __tmp_reg__
C:\Users\WALTON\AppData\Local\Temp/ccEjQDdI.s:7      *ABS*:00000001 __zero_reg__
C:\Users\WALTON\AppData\Local\Temp/ccEjQDdI.s:18     .text:00000000 Tasks_Disable_Peripherals
C:\Users\WALTON\AppData\Local\Temp/ccEjQDdI.s:30     .text:00000002 Tasks_Task4
C:\Users\WALTON\AppData\Local\Temp/ccEjQDdI.s:61     .text:00000012 Tasks_Task5
C:\Users\WALTON\AppData\Local\Temp/ccEjQDdI.s:250    .data:00000001 ntask
C:\Users\WALTON\AppData\Local\Temp/ccEjQDdI.s:245    .data:00000000 lst
                            *COM*:00000005 sleep
                            *COM*:00000005 prio
                            *COM*:00000001 loslp
                            *COM*:00000001 hiprtid
                            *COM*:00000001 hiprio
C:\Users\WALTON\AppData\Local\Temp/ccEjQDdI.s:138    .text:00000074 Tasks_Task3
C:\Users\WALTON\AppData\Local\Temp/ccEjQDdI.s:173    .text:0000008c Tasks_Task2
C:\Users\WALTON\AppData\Local\Temp/ccEjQDdI.s:208    .text:000000a4 Tasks_Task1

UNDEFINED SYMBOLS
Kernel_Task_Sleep
__do_copy_data
__do_clear_bss
